******************************************************************************
                  TI ARM Linker PC v20.2.5                     
******************************************************************************
>> Linked Sun Feb 20 00:23:36 2022

OUTPUT FILE NAME:   <ECE230LabAssistantJackHLeeN.out>
ENTRY POINT SYMBOL: "_c_int00_noargs"  address: 00002db5


MEMORY CONFIGURATION

         name            origin    length      used     unused   attr    fill
----------------------  --------  ---------  --------  --------  ----  --------
  MAIN                  00000000   00200000  000030c9  001fcf37  R  X
  INFO                  00200000   00008000  00000000  00008000  R  X
  SRAM_CODE             01000000   00040000  00000282  0003fd7e  RW X
  SRAM_DATA             20000000   00040000  00000282  0003fd7e  RW  


SEGMENT ALLOCATION MAP

run origin  load origin   length   init length attrs members
----------  ----------- ---------- ----------- ----- -------
00000000    00000000    000030d0   000030d0    r-x
  00000000    00000000    000000e8   000000e8    r-- .intvecs
  000000e8    000000e8    00002e40   00002e40    r-x .text
  00002f28    00002f28    00000121   00000121    r-- .const
  00003050    00003050    00000080   00000080    r-- .cinit
20000000    20000000    00000082   00000000    rw-
  20000000    20000000    00000060   00000000    rw- .data
  20000060    20000060    00000022   00000000    rw- .bss
2003fe00    2003fe00    00000200   00000000    rw-
  2003fe00    2003fe00    00000200   00000000    rw- .stack


SECTION ALLOCATION MAP

 output                                  attributes/
section   page    origin      length       input sections
--------  ----  ----------  ----------   ----------------
.intvecs   0    00000000    000000e8     
                  00000000    000000e8     startup_msp432p4111_ccs.obj (.intvecs:retain)

.text      0    000000e8    00002e40     
                  000000e8    00000a4e     rtsv7M4_T_le_v4SPD16_eabi.lib : _printfi.c.obj (.text:__TI_printfi)
                  00000b36    00000002                                   : div0.asm.obj (.text)
                  00000b38    000003c4     main.obj (.text)
                  00000efc    00000350     system_msp432p4111.obj (.text)
                  0000124c    00000304     keypadscan_subroutines.obj (.text)
                  00001550    0000027c     hex2dec.obj (.text)
                  000017cc    00000270     rtsv7M4_T_le_v4SPD16_eabi.lib : _printfi.c.obj (.text:_pconv_a)
                  00001a3c    000001d0                                   : _printfi.c.obj (.text:_pconv_g)
                  00001c0c    000001b6                                   : fd_add_t2.asm.obj (.text)
                  00001dc2    00000002     --HOLE-- [fill = 0]
                  00001dc4    0000015c     uart_routines.obj (.text)
                  00001f20    0000013c     rtsv7M4_T_le_v4SPD16_eabi.lib : _printfi.c.obj (.text:_pconv_e)
                  0000205c    00000136                                   : fd_div_t2.asm.obj (.text)
                  00002192    00000002     --HOLE-- [fill = 0]
                  00002194    00000124                                   : _printfi.c.obj (.text:fcvt)
                  000022b8    00000120     ShiftReg.obj (.text)
                  000023d8    00000110     rtsv7M4_T_le_v4SPD16_eabi.lib : s_scalbn.c.obj (.text:scalbn)
                  000024e8    000000fc                                   : fd_mul_t2.asm.obj (.text)
                  000025e4    000000d8     wavegen.obj (.text)
                  000026bc    000000b1     rtsv7M4_T_le_v4SPD16_eabi.lib : _printfi.c.obj (.text:_ltostr)
                  0000276d    00000001     --HOLE-- [fill = 0]
                  0000276e    0000009c                                   : memcpy_t2.asm.obj (.text)
                  0000280a    00000096                                   : ull_div_t2.asm.obj (.text)
                  000028a0    00000086                                   : fd_cmp_t2.asm.obj (.text:__aeabi_cdcmple)
                  00002926    00000086                                   : fd_cmp_t2.asm.obj (.text:__aeabi_cdrcmple)
                  000029ac    0000007a                                   : memset_t2.asm.obj (.text)
                  00002a26    0000006e                                   : _printfi.c.obj (.text:_mcpy)
                  00002a94    00000068                                   : copy_decompress_lzss.c.obj (.text:decompress:lzss:__TI_decompress_lzss)
                  00002afc    00000064                                   : s_frexp.c.obj (.text:frexp)
                  00002b60    00000056                                   : _printfi.c.obj (.text:_pconv_f)
                  00002bb6    00000054                                   : _ltoa.c.obj (.text:__TI_ltoa)
                  00002c0a    00000052                                   : _printfi.c.obj (.text:_ecpy)
                  00002c5c    0000004c                                   : atoi.c.obj (.text:atoi)
                  00002ca8    00000048                                   : fd_toi_t2.asm.obj (.text)
                  00002cf0    00000044                                   : autoinit.c.obj (.text:__TI_auto_init_nobinit_nopinit:__TI_auto_init_nobinit_nopinit)
                  00002d34    00000040                                   : sprintf.c.obj (.text:sprintf)
                  00002d74    0000003e                                   : _printfi.c.obj (.text:_fcpy)
                  00002db2    00000002     --HOLE-- [fill = 0]
                  00002db4    00000034                                   : boot_cortex_m.c.obj (.text:_c_int00_noargs:_c_int00_noargs)
                  00002de8    00000034     gen_routines.obj (.text)
                  00002e1c    0000002e     rtsv7M4_T_le_v4SPD16_eabi.lib : i_tofd_t2.asm.obj (.text)
                  00002e4a    0000001c                                   : copy_zero_init.c.obj (.text:decompress:ZI:__TI_zero_init_nomemset:__TI_zero_init_nomemset)
                  00002e66    0000001c                                   : memccpy.c.obj (.text:memccpy)
                  00002e82    0000001a                                   : s_copysign.c.obj (.text:copysign)
                  00002e9c    00000018                                   : sprintf.c.obj (.text:_outs)
                  00002eb4    00000016                                   : strchr.c.obj (.text:strchr)
                  00002eca    00000014                                   : strlen.c.obj (.text:strlen)
                  00002ede    00000012                                   : wcslen.c.obj (.text:wcslen)
                  00002ef0    0000000e                                   : copy_decompress_none.c.obj (.text:decompress:none:__TI_decompress_none)
                  00002efe    0000000e     startup_msp432p4111_ccs.obj (.text)
                  00002f0c    0000000a     rtsv7M4_T_le_v4SPD16_eabi.lib : sprintf.c.obj (.text:_outc)
                  00002f16    00000002     --HOLE-- [fill = 0]
                  00002f18    00000008                                   : errno.c.obj (.text:__aeabi_errno_addr)
                  00002f20    00000004                                   : pre_init.c.obj (.text:_system_pre_init)
                  00002f24    00000004                                   : exit.c.obj (.text:abort:abort)

.const     0    00002f28    00000121     
                  00002f28    00000101     rtsv7M4_T_le_v4SPD16_eabi.lib : ctype.c.obj (.const:.string:_ctypes_)
                  00003029    00000010     keypadscan_subroutines.obj (.const:.string:KeyAssignments)
                  00003039    00000010     keypadscan_subroutines.obj (.const:.string:KeyPatterns)

.cinit     0    00003050    00000080     
                  00003050    0000005b     (.cinit..data.load) [load image, compression = lzss]
                  000030ab    00000001     --HOLE-- [fill = 0]
                  000030ac    0000000c     (__TI_handler_table)
                  000030b8    00000008     (.cinit..bss.load) [load image, compression = zero_init]
                  000030c0    00000010     (__TI_cinit_table)

.init_array 
*          0    00000000    00000000     UNINITIALIZED

.binit     0    00000000    00000000     

.data      0    20000000    00000060     UNINITIALIZED
                  20000000    00000045     main.obj (.data:menu)
                  20000045    00000002     keypadscan_subroutines.obj (.data)
                  20000047    00000001     --HOLE--
                  20000048    00000008     main.obj (.data)
                  20000050    00000005     ShiftReg.obj (.data)
                  20000055    00000003     --HOLE--
                  20000058    00000004     rtsv7M4_T_le_v4SPD16_eabi.lib : errno.c.obj (.data)
                  2000005c    00000004     system_msp432p4111.obj (.data)

.bss       0    20000060    00000022     UNINITIALIZED
                  20000060    00000020     (.common:CharBuffer)
                  20000080    00000001     (.common:FoundKey)
                  20000081    00000001     (.common:TimerCount)

.stack     0    2003fe00    00000200     UNINITIALIZED
                  2003fe00    00000004     rtsv7M4_T_le_v4SPD16_eabi.lib : boot_cortex_m.c.obj (.stack)
                  2003fe04    000001fc     --HOLE--

__llvm_prf_cnts 
*          0    20000000    00000000     UNINITIALIZED

MODULE SUMMARY

       Module                        code    ro data   rw data
       ------                        ----    -------   -------
    .\
       main.obj                      964     0         154    
       system_msp432p4111.obj        848     0         8      
       keypadscan_subroutines.obj    772     32        6      
       hex2dec.obj                   636     0         64     
       uart_routines.obj             348     0         0      
       ShiftReg.obj                  288     0         12     
       startup_msp432p4111_ccs.obj   14      232       0      
       wavegen.obj                   216     0         0      
       gen_routines.obj              52      0         0      
    +--+-----------------------------+-------+---------+---------+
       Total:                        4138    264       244    
                                                              
    C:\ti\ccs1040\ccs\tools\compiler\ti-cgt-arm_20.2.5.LTS\lib\rtsv7M4_T_le_v4SPD16_eabi.lib
       _printfi.c.obj                4851    0         0      
       fd_add_t2.asm.obj             438     0         0      
       fd_div_t2.asm.obj             310     0         0      
       s_scalbn.c.obj                272     0         0      
       fd_cmp_t2.asm.obj             268     0         0      
       ctype.c.obj                   0       257       0      
       fd_mul_t2.asm.obj             252     0         0      
       memcpy_t2.asm.obj             156     0         0      
       ull_div_t2.asm.obj            150     0         0      
       memset_t2.asm.obj             122     0         0      
       copy_decompress_lzss.c.obj    104     0         0      
       s_frexp.c.obj                 100     0         0      
       sprintf.c.obj                 98      0         0      
       _ltoa.c.obj                   84      0         0      
       atoi.c.obj                    76      0         0      
       fd_toi_t2.asm.obj             72      0         0      
       autoinit.c.obj                68      0         0      
       boot_cortex_m.c.obj           52      0         0      
       i_tofd_t2.asm.obj             46      0         0      
       copy_zero_init.c.obj          28      0         0      
       memccpy.c.obj                 28      0         0      
       s_copysign.c.obj              26      0         0      
       strchr.c.obj                  22      0         0      
       strlen.c.obj                  20      0         0      
       wcslen.c.obj                  18      0         0      
       errno.c.obj                   8       0         8      
       copy_decompress_none.c.obj    14      0         0      
       exit.c.obj                    4       0         0      
       pre_init.c.obj                4       0         0      
       div0.asm.obj                  2       0         0      
    +--+-----------------------------+-------+---------+---------+
       Total:                        7693    257       8      
                                                              
       Stack:                        0       0         1024   
       Linker Generated:             0       127       0      
    +--+-----------------------------+-------+---------+---------+
       Grand Total:                  11831   648       1276   


LINKER GENERATED COPY TABLES

__TI_cinit_table @ 000030c0 records: 2, size/record: 8, table size: 16
	.data: load addr=00003050, load size=0000005b bytes, run addr=20000000, run size=00000060 bytes, compression=lzss
	.bss: load addr=000030b8, load size=00000008 bytes, run addr=20000060, run size=00000022 bytes, compression=zero_init


LINKER GENERATED HANDLER TABLE

__TI_handler_table @ 000030ac records: 3, size/record: 4, table size: 12
	index: 0, handler: __TI_decompress_lzss
	index: 1, handler: __TI_decompress_none
	index: 2, handler: __TI_zero_init


GLOBAL SYMBOLS: SORTED ALPHABETICALLY BY Name 

address   name                          
-------   ----                          
00002f0b  ADC14_IRQHandler              
00002f0b  AES256_IRQHandler             
00002f0b  BusFault_Handler              
00002f25  C$$EXIT                       
00002f0b  COMP_E0_IRQHandler            
00002f0b  COMP_E1_IRQHandler            
00002f0b  CS_IRQHandler                 
20000060  CharBuffer                    
00000cb7  CheckMode                     
00002de9  ConfigureCS                   
00001dc5  ConfigureUART                 
00002f0b  DMA_ERR_IRQHandler            
00002f0b  DMA_INT0_IRQHandler           
00002f0b  DMA_INT1_IRQHandler           
00002f0b  DMA_INT2_IRQHandler           
00002f0b  DMA_INT3_IRQHandler           
00002f0b  DebugMon_Handler              
00002f0b  Default_Handler               
00001ee1  EUSCIA0_IRQHandler            
00001ee1  EUSCIA0_IRQHandler            
00002f0b  EUSCIA1_IRQHandler            
00002f0b  EUSCIA2_IRQHandler            
00002f0b  EUSCIA3_IRQHandler            
00002f0b  EUSCIB0_IRQHandler            
00002f0b  EUSCIB1_IRQHandler            
00002f0b  EUSCIB2_IRQHandler            
00002f0b  EUSCIB3_IRQHandler            
00002f0b  FLCTL_A_IRQHandler            
00002f0b  FPU_IRQHandler                
0000137f  FindKey                       
20000080  FoundKey                      
00001ea1  GetChar                       
00002f0b  HardFault_Handler             
00003029  KeyAssignments                
00003039  KeyPatterns                   
00002f0b  LCD_F_IRQHandler              
00002f0b  MemManage_Handler             
00002f0b  NMI_Handler                   
20000045  NewKeyPressed                 
00002f0b  PCM_IRQHandler                
00002f0b  PORT1_IRQHandler              
00002f0b  PORT2_IRQHandler              
00002f0b  PORT3_IRQHandler              
000014af  PORT4_IRQHandler              
000014af  PORT4_IRQHandler              
00002f0b  PORT5_IRQHandler              
00000dd5  PORT6_IRQHandler              
00000dd5  PORT6_IRQHandler              
00002f0b  PSS_IRQHandler                
00002f0b  PendSV_Handler                
00002f0b  RTC_C_IRQHandler              
00002eff  Reset_Handler                 
00002f0b  SVC_Handler                   
00001e39  SendAll                       
00001e1d  SendChar                      
00001e71  SendCharArray                 
00002f0b  SysTick_Handler               
2000005c  SystemCoreClock               
00000efd  SystemCoreClockUpdate         
00001175  SystemInit                    
00002f0b  T32_INT1_IRQHandler           
00002f0b  T32_INT2_IRQHandler           
00002f0b  T32_INTC_IRQHandler           
0000264b  TA0_0_IRQHandler              
0000264b  TA0_0_IRQHandler              
00002f0b  TA0_N_IRQHandler              
00002f0b  TA1_0_IRQHandler              
000022ff  TA1_N_IRQHandler              
000022ff  TA1_N_IRQHandler              
00002f0b  TA2_0_IRQHandler              
00002f0b  TA2_N_IRQHandler              
00002f0b  TA3_0_IRQHandler              
00002f0b  TA3_N_IRQHandler              
20000081  TimerCount                    
00002f0b  UsageFault_Handler            
4000480c  WDTCTL_SYM                    
00002f0b  WDT_A_IRQHandler              
20040000  __STACK_END                   
00000200  __STACK_SIZE                  
000030c0  __TI_CINIT_Base               
000030d0  __TI_CINIT_Limit              
000030ac  __TI_Handler_Table_Base       
000030b8  __TI_Handler_Table_Limit      
00002cf1  __TI_auto_init_nobinit_nopinit
00002a95  __TI_decompress_lzss          
00002ef1  __TI_decompress_none          
00002bb7  __TI_ltoa                     
ffffffff  __TI_pprof_out_hndl           
000000e9  __TI_printfi                  
ffffffff  __TI_prof_data_size           
ffffffff  __TI_prof_data_start          
00000000  __TI_static_base__            
00002e4b  __TI_zero_init_nomemset       
000028a1  __aeabi_cdcmpeq               
000028a1  __aeabi_cdcmple               
00002927  __aeabi_cdrcmple              
00002ca9  __aeabi_d2iz                  
00001c17  __aeabi_dadd                  
0000205d  __aeabi_ddiv                  
000024e9  __aeabi_dmul                  
00001c0d  __aeabi_dsub                  
00002f19  __aeabi_errno_addr            
00002e1d  __aeabi_i2d                   
00000b37  __aeabi_idiv0                 
00000b37  __aeabi_ldiv0                 
000029ad  __aeabi_memclr                
000029ad  __aeabi_memclr4               
000029ad  __aeabi_memclr8               
0000276f  __aeabi_memcpy                
0000276f  __aeabi_memcpy4               
0000276f  __aeabi_memcpy8               
000029af  __aeabi_memset                
000029af  __aeabi_memset4               
000029af  __aeabi_memset8               
0000280b  __aeabi_uldivmod              
ffffffff  __binit__                     
ffffffff  __c_args__                    
UNDEFED   __mpu_init                    
2003fe00  __stack                       
20000000  __start___llvm_prf_cnts       
20000000  __stop___llvm_prf_cnts        
00002db5  _c_int00_noargs               
00002f28  _ctypes_                      
UNDEFED   _system_post_cinit            
00002f21  _system_pre_init              
00002f25  abort                         
00002c5d  atoi                          
ffffffff  binit                         
00001737  bintoDec                      
000012c7  buttonConfig                  
20000046  buttonPress                   
0000262b  changeDutyCycle               
000015d7  convertBinary                 
00001551  convertDecimal                
00001619  convertHex                    
00002e83  copysign                      
00002e83  copysignl                     
2000004c  current_size                  
00001355  debounce                      
000016ff  dectoBinary                   
20000058  errno                         
00002afd  frexp                         
00002afd  frexpl                        
0000167b  hextoDec                      
000022b9  initShiftReg                  
00000000  interruptVectors              
0000124d  keypadconfiguration           
000023d9  ldexp                         
000023d9  ldexpl                        
00000b39  main                          
20000049  maxSize                       
00002e67  memccpy                       
0000276f  memcpy                        
000029b5  memset                        
20000000  menu                          
20000048  modeSelect                    
20000054  outchar                       
20000050  period                        
00001eb5  printOutBuffer                
00001491  reassignKeys                  
00000d71  returnDecimal                 
000023d9  scalbn                        
000023d9  scalbnl                       
00002d35  sprintf                       
00002eb5  strchr                        
00002ecb  strlen                        
00002657  toggleWavegen                 
000025e5  wavegenConfig                 
00002edf  wcslen                        
000022eb  writechar                     


GLOBAL SYMBOLS: SORTED BY Symbol Address 

address   name                          
-------   ----                          
00000000  __TI_static_base__            
00000000  interruptVectors              
000000e9  __TI_printfi                  
00000200  __STACK_SIZE                  
00000b37  __aeabi_idiv0                 
00000b37  __aeabi_ldiv0                 
00000b39  main                          
00000cb7  CheckMode                     
00000d71  returnDecimal                 
00000dd5  PORT6_IRQHandler              
00000dd5  PORT6_IRQHandler              
00000efd  SystemCoreClockUpdate         
00001175  SystemInit                    
0000124d  keypadconfiguration           
000012c7  buttonConfig                  
00001355  debounce                      
0000137f  FindKey                       
00001491  reassignKeys                  
000014af  PORT4_IRQHandler              
000014af  PORT4_IRQHandler              
00001551  convertDecimal                
000015d7  convertBinary                 
00001619  convertHex                    
0000167b  hextoDec                      
000016ff  dectoBinary                   
00001737  bintoDec                      
00001c0d  __aeabi_dsub                  
00001c17  __aeabi_dadd                  
00001dc5  ConfigureUART                 
00001e1d  SendChar                      
00001e39  SendAll                       
00001e71  SendCharArray                 
00001ea1  GetChar                       
00001eb5  printOutBuffer                
00001ee1  EUSCIA0_IRQHandler            
00001ee1  EUSCIA0_IRQHandler            
0000205d  __aeabi_ddiv                  
000022b9  initShiftReg                  
000022eb  writechar                     
000022ff  TA1_N_IRQHandler              
000022ff  TA1_N_IRQHandler              
000023d9  ldexp                         
000023d9  ldexpl                        
000023d9  scalbn                        
000023d9  scalbnl                       
000024e9  __aeabi_dmul                  
000025e5  wavegenConfig                 
0000262b  changeDutyCycle               
0000264b  TA0_0_IRQHandler              
0000264b  TA0_0_IRQHandler              
00002657  toggleWavegen                 
0000276f  __aeabi_memcpy                
0000276f  __aeabi_memcpy4               
0000276f  __aeabi_memcpy8               
0000276f  memcpy                        
0000280b  __aeabi_uldivmod              
000028a1  __aeabi_cdcmpeq               
000028a1  __aeabi_cdcmple               
00002927  __aeabi_cdrcmple              
000029ad  __aeabi_memclr                
000029ad  __aeabi_memclr4               
000029ad  __aeabi_memclr8               
000029af  __aeabi_memset                
000029af  __aeabi_memset4               
000029af  __aeabi_memset8               
000029b5  memset                        
00002a95  __TI_decompress_lzss          
00002afd  frexp                         
00002afd  frexpl                        
00002bb7  __TI_ltoa                     
00002c5d  atoi                          
00002ca9  __aeabi_d2iz                  
00002cf1  __TI_auto_init_nobinit_nopinit
00002d35  sprintf                       
00002db5  _c_int00_noargs               
00002de9  ConfigureCS                   
00002e1d  __aeabi_i2d                   
00002e4b  __TI_zero_init_nomemset       
00002e67  memccpy                       
00002e83  copysign                      
00002e83  copysignl                     
00002eb5  strchr                        
00002ecb  strlen                        
00002edf  wcslen                        
00002ef1  __TI_decompress_none          
00002eff  Reset_Handler                 
00002f0b  ADC14_IRQHandler              
00002f0b  AES256_IRQHandler             
00002f0b  BusFault_Handler              
00002f0b  COMP_E0_IRQHandler            
00002f0b  COMP_E1_IRQHandler            
00002f0b  CS_IRQHandler                 
00002f0b  DMA_ERR_IRQHandler            
00002f0b  DMA_INT0_IRQHandler           
00002f0b  DMA_INT1_IRQHandler           
00002f0b  DMA_INT2_IRQHandler           
00002f0b  DMA_INT3_IRQHandler           
00002f0b  DebugMon_Handler              
00002f0b  Default_Handler               
00002f0b  EUSCIA1_IRQHandler            
00002f0b  EUSCIA2_IRQHandler            
00002f0b  EUSCIA3_IRQHandler            
00002f0b  EUSCIB0_IRQHandler            
00002f0b  EUSCIB1_IRQHandler            
00002f0b  EUSCIB2_IRQHandler            
00002f0b  EUSCIB3_IRQHandler            
00002f0b  FLCTL_A_IRQHandler            
00002f0b  FPU_IRQHandler                
00002f0b  HardFault_Handler             
00002f0b  LCD_F_IRQHandler              
00002f0b  MemManage_Handler             
00002f0b  NMI_Handler                   
00002f0b  PCM_IRQHandler                
00002f0b  PORT1_IRQHandler              
00002f0b  PORT2_IRQHandler              
00002f0b  PORT3_IRQHandler              
00002f0b  PORT5_IRQHandler              
00002f0b  PSS_IRQHandler                
00002f0b  PendSV_Handler                
00002f0b  RTC_C_IRQHandler              
00002f0b  SVC_Handler                   
00002f0b  SysTick_Handler               
00002f0b  T32_INT1_IRQHandler           
00002f0b  T32_INT2_IRQHandler           
00002f0b  T32_INTC_IRQHandler           
00002f0b  TA0_N_IRQHandler              
00002f0b  TA1_0_IRQHandler              
00002f0b  TA2_0_IRQHandler              
00002f0b  TA2_N_IRQHandler              
00002f0b  TA3_0_IRQHandler              
00002f0b  TA3_N_IRQHandler              
00002f0b  UsageFault_Handler            
00002f0b  WDT_A_IRQHandler              
00002f19  __aeabi_errno_addr            
00002f21  _system_pre_init              
00002f25  C$$EXIT                       
00002f25  abort                         
00002f28  _ctypes_                      
00003029  KeyAssignments                
00003039  KeyPatterns                   
000030ac  __TI_Handler_Table_Base       
000030b8  __TI_Handler_Table_Limit      
000030c0  __TI_CINIT_Base               
000030d0  __TI_CINIT_Limit              
20000000  __start___llvm_prf_cnts       
20000000  __stop___llvm_prf_cnts        
20000000  menu                          
20000045  NewKeyPressed                 
20000046  buttonPress                   
20000048  modeSelect                    
20000049  maxSize                       
2000004c  current_size                  
20000050  period                        
20000054  outchar                       
20000058  errno                         
2000005c  SystemCoreClock               
20000060  CharBuffer                    
20000080  FoundKey                      
20000081  TimerCount                    
2003fe00  __stack                       
20040000  __STACK_END                   
4000480c  WDTCTL_SYM                    
ffffffff  __TI_pprof_out_hndl           
ffffffff  __TI_prof_data_size           
ffffffff  __TI_prof_data_start          
ffffffff  __binit__                     
ffffffff  __c_args__                    
ffffffff  binit                         
UNDEFED   __mpu_init                    
UNDEFED   _system_post_cinit            

[170 symbols]
