******************************************************************************
                  TI ARM Linker PC v20.2.5                     
******************************************************************************
>> Linked Wed Feb 16 23:45:43 2022

OUTPUT FILE NAME:   <ECE230LabAssistantJackHLeeN.out>
ENTRY POINT SYMBOL: "_c_int00_noargs"  address: 00002975


MEMORY CONFIGURATION

         name            origin    length      used     unused   attr    fill
----------------------  --------  ---------  --------  --------  ----  --------
  MAIN                  00000000   00200000  00002c79  001fd387  R  X
  INFO                  00200000   00008000  00000000  00008000  R  X
  SRAM_CODE             01000000   00040000  00000269  0003fd97  RW X
  SRAM_DATA             20000000   00040000  00000269  0003fd97  RW  


SEGMENT ALLOCATION MAP

run origin  load origin   length   init length attrs members
----------  ----------- ---------- ----------- ----- -------
00000000    00000000    00002c80   00002c80    r-x
  00000000    00000000    000000e8   000000e8    r-- .intvecs
  000000e8    000000e8    00002a00   00002a00    r-x .text
  00002ae8    00002ae8    00000121   00000121    r-- .const
  00002c10    00002c10    00000070   00000070    r-- .cinit
20000000    20000000    00000069   00000000    rw-
  20000000    20000000    00000048   00000000    rw- .data
  20000048    20000048    00000021   00000000    rw- .bss
2003fe00    2003fe00    00000200   00000000    rw-
  2003fe00    2003fe00    00000200   00000000    rw- .stack


SECTION ALLOCATION MAP

 output                                  attributes/
section   page    origin      length       input sections
--------  ----  ----------  ----------   ----------------
.intvecs   0    00000000    000000e8     
                  00000000    000000e8     startup_msp432p4111_ccs.obj (.intvecs:retain)

.text      0    000000e8    00002a00     
                  000000e8    00000a4e     rtsv7M4_T_le_v4SPD16_eabi.lib : _printfi.c.obj (.text:__TI_printfi)
                  00000b36    00000002                                   : div0.asm.obj (.text)
                  00000b38    00000350     system_msp432p4111.obj (.text)
                  00000e88    00000304     keypadscan_subroutines.obj (.text)
                  0000118c    000002a8     main.obj (.text)
                  00001434    00000270     rtsv7M4_T_le_v4SPD16_eabi.lib : _printfi.c.obj (.text:_pconv_a)
                  000016a4    000001d0                                   : _printfi.c.obj (.text:_pconv_g)
                  00001874    000001b6                                   : fd_add_t2.asm.obj (.text)
                  00001a2a    00000002     --HOLE-- [fill = 0]
                  00001a2c    0000017c     hex2dec.obj (.text)
                  00001ba8    0000013c     rtsv7M4_T_le_v4SPD16_eabi.lib : _printfi.c.obj (.text:_pconv_e)
                  00001ce4    00000136                                   : fd_div_t2.asm.obj (.text)
                  00001e1a    00000002     --HOLE-- [fill = 0]
                  00001e1c    00000130     uart_routines.obj (.text)
                  00001f4c    00000124     rtsv7M4_T_le_v4SPD16_eabi.lib : _printfi.c.obj (.text:fcvt)
                  00002070    00000110                                   : s_scalbn.c.obj (.text:scalbn)
                  00002180    000000fc                                   : fd_mul_t2.asm.obj (.text)
                  0000227c    000000b1                                   : _printfi.c.obj (.text:_ltostr)
                  0000232d    00000001     --HOLE-- [fill = 0]
                  0000232e    0000009c                                   : memcpy_t2.asm.obj (.text)
                  000023ca    00000096                                   : ull_div_t2.asm.obj (.text)
                  00002460    00000086                                   : fd_cmp_t2.asm.obj (.text:__aeabi_cdcmple)
                  000024e6    00000086                                   : fd_cmp_t2.asm.obj (.text:__aeabi_cdrcmple)
                  0000256c    0000007a                                   : memset_t2.asm.obj (.text)
                  000025e6    0000006e                                   : _printfi.c.obj (.text:_mcpy)
                  00002654    00000068                                   : copy_decompress_lzss.c.obj (.text:decompress:lzss:__TI_decompress_lzss)
                  000026bc    00000064                                   : s_frexp.c.obj (.text:frexp)
                  00002720    00000056                                   : _printfi.c.obj (.text:_pconv_f)
                  00002776    00000054                                   : _ltoa.c.obj (.text:__TI_ltoa)
                  000027ca    00000052                                   : _printfi.c.obj (.text:_ecpy)
                  0000281c    0000004c                                   : atoi.c.obj (.text:atoi)
                  00002868    00000048                                   : fd_toi_t2.asm.obj (.text)
                  000028b0    00000044                                   : autoinit.c.obj (.text:__TI_auto_init_nobinit_nopinit:__TI_auto_init_nobinit_nopinit)
                  000028f4    00000040                                   : sprintf.c.obj (.text:sprintf)
                  00002934    0000003e                                   : _printfi.c.obj (.text:_fcpy)
                  00002972    00000002     --HOLE-- [fill = 0]
                  00002974    00000034                                   : boot_cortex_m.c.obj (.text:_c_int00_noargs:_c_int00_noargs)
                  000029a8    00000034     gen_routines.obj (.text)
                  000029dc    0000002e     rtsv7M4_T_le_v4SPD16_eabi.lib : i_tofd_t2.asm.obj (.text)
                  00002a0a    0000001c                                   : copy_zero_init.c.obj (.text:decompress:ZI:__TI_zero_init_nomemset:__TI_zero_init_nomemset)
                  00002a26    0000001c                                   : memccpy.c.obj (.text:memccpy)
                  00002a42    0000001a                                   : s_copysign.c.obj (.text:copysign)
                  00002a5c    00000018                                   : sprintf.c.obj (.text:_outs)
                  00002a74    00000016                                   : strchr.c.obj (.text:strchr)
                  00002a8a    00000014                                   : strlen.c.obj (.text:strlen)
                  00002a9e    00000012                                   : wcslen.c.obj (.text:wcslen)
                  00002ab0    0000000e                                   : copy_decompress_none.c.obj (.text:decompress:none:__TI_decompress_none)
                  00002abe    0000000e     startup_msp432p4111_ccs.obj (.text)
                  00002acc    0000000a     rtsv7M4_T_le_v4SPD16_eabi.lib : sprintf.c.obj (.text:_outc)
                  00002ad6    00000002     --HOLE-- [fill = 0]
                  00002ad8    00000008                                   : errno.c.obj (.text:__aeabi_errno_addr)
                  00002ae0    00000004                                   : pre_init.c.obj (.text:_system_pre_init)
                  00002ae4    00000004                                   : exit.c.obj (.text:abort:abort)

.const     0    00002ae8    00000121     
                  00002ae8    00000101     rtsv7M4_T_le_v4SPD16_eabi.lib : ctype.c.obj (.const:.string:_ctypes_)
                  00002be9    00000010     keypadscan_subroutines.obj (.const:.string:KeyAssignments)
                  00002bf9    00000010     keypadscan_subroutines.obj (.const:.string:KeyPatterns)

.cinit     0    00002c10    00000070     
                  00002c10    00000047     (.cinit..data.load) [load image, compression = lzss]
                  00002c57    00000001     --HOLE-- [fill = 0]
                  00002c58    0000000c     (__TI_handler_table)
                  00002c64    00000004     --HOLE-- [fill = 0]
                  00002c68    00000008     (.cinit..bss.load) [load image, compression = zero_init]
                  00002c70    00000010     (__TI_cinit_table)

.init_array 
*          0    00000000    00000000     UNINITIALIZED

.binit     0    00000000    00000000     

.data      0    20000000    00000048     UNINITIALIZED
                  20000000    0000003b     main.obj (.data:menu)
                  2000003b    00000001     --HOLE--
                  2000003c    00000004     rtsv7M4_T_le_v4SPD16_eabi.lib : errno.c.obj (.data)
                  20000040    00000004     system_msp432p4111.obj (.data)
                  20000044    00000002     keypadscan_subroutines.obj (.data)
                  20000046    00000002     main.obj (.data)

.bss       0    20000048    00000021     UNINITIALIZED
                  20000048    00000020     (.common:CharBuffer)
                  20000068    00000001     (.common:FoundKey)

.stack     0    2003fe00    00000200     UNINITIALIZED
                  2003fe00    00000004     rtsv7M4_T_le_v4SPD16_eabi.lib : boot_cortex_m.c.obj (.stack)
                  2003fe04    000001fc     --HOLE--

__llvm_prf_cnts 
*          0    20000000    00000000     UNINITIALIZED

MODULE SUMMARY

       Module                        code    ro data   rw data
       ------                        ----    -------   -------
    .\
       system_msp432p4111.obj        848     0         8      
       keypadscan_subroutines.obj    772     32        6      
       main.obj                      680     0         122    
       hex2dec.obj                   380     0         64     
       uart_routines.obj             304     0         0      
       startup_msp432p4111_ccs.obj   14      232       0      
       gen_routines.obj              52      0         0      
    +--+-----------------------------+-------+---------+---------+
       Total:                        3050    264       200    
                                                              
    D:\TI\ccs\tools\compiler\ti-cgt-arm_20.2.5.LTS\lib\rtsv7M4_T_le_v4SPD16_eabi.lib
       _printfi.c.obj                4851    0         0      
       fd_add_t2.asm.obj             438     0         0      
       fd_div_t2.asm.obj             310     0         0      
       s_scalbn.c.obj                272     0         0      
       fd_cmp_t2.asm.obj             268     0         0      
       ctype.c.obj                   0       257       0      
       fd_mul_t2.asm.obj             252     0         0      
       memcpy_t2.asm.obj             156     0         0      
       ull_div_t2.asm.obj            150     0         0      
       memset_t2.asm.obj             122     0         0      
       copy_decompress_lzss.c.obj    104     0         0      
       s_frexp.c.obj                 100     0         0      
       sprintf.c.obj                 98      0         0      
       _ltoa.c.obj                   84      0         0      
       atoi.c.obj                    76      0         0      
       fd_toi_t2.asm.obj             72      0         0      
       autoinit.c.obj                68      0         0      
       boot_cortex_m.c.obj           52      0         0      
       i_tofd_t2.asm.obj             46      0         0      
       copy_zero_init.c.obj          28      0         0      
       memccpy.c.obj                 28      0         0      
       s_copysign.c.obj              26      0         0      
       strchr.c.obj                  22      0         0      
       strlen.c.obj                  20      0         0      
       wcslen.c.obj                  18      0         0      
       errno.c.obj                   8       0         8      
       copy_decompress_none.c.obj    14      0         0      
       exit.c.obj                    4       0         0      
       pre_init.c.obj                4       0         0      
       div0.asm.obj                  2       0         0      
    +--+-----------------------------+-------+---------+---------+
       Total:                        7693    257       8      
                                                              
       Stack:                        0       0         1024   
       Linker Generated:             0       107       0      
    +--+-----------------------------+-------+---------+---------+
       Grand Total:                  10743   628       1232   


LINKER GENERATED COPY TABLES

__TI_cinit_table @ 00002c70 records: 2, size/record: 8, table size: 16
	.data: load addr=00002c10, load size=00000047 bytes, run addr=20000000, run size=00000048 bytes, compression=lzss
	.bss: load addr=00002c68, load size=00000008 bytes, run addr=20000048, run size=00000021 bytes, compression=zero_init


LINKER GENERATED HANDLER TABLE

__TI_handler_table @ 00002c58 records: 3, size/record: 4, table size: 12
	index: 0, handler: __TI_decompress_lzss
	index: 1, handler: __TI_decompress_none
	index: 2, handler: __TI_zero_init


GLOBAL SYMBOLS: SORTED ALPHABETICALLY BY Name 

address   name                          
-------   ----                          
00002acb  ADC14_IRQHandler              
00002acb  AES256_IRQHandler             
00002acb  BusFault_Handler              
00002ae5  C$$EXIT                       
00002acb  COMP_E0_IRQHandler            
00002acb  COMP_E1_IRQHandler            
00002acb  CS_IRQHandler                 
20000048  CharBuffer                    
00001291  CheckMode                     
000029a9  ConfigureCS                   
00001e1d  ConfigureUART                 
00002acb  DMA_ERR_IRQHandler            
00002acb  DMA_INT0_IRQHandler           
00002acb  DMA_INT1_IRQHandler           
00002acb  DMA_INT2_IRQHandler           
00002acb  DMA_INT3_IRQHandler           
00002acb  DebugMon_Handler              
00002acb  Default_Handler               
00001f0d  EUSCIA0_IRQHandler            
00001f0d  EUSCIA0_IRQHandler            
00002acb  EUSCIA1_IRQHandler            
00002acb  EUSCIA2_IRQHandler            
00002acb  EUSCIA3_IRQHandler            
00002acb  EUSCIB0_IRQHandler            
00002acb  EUSCIB1_IRQHandler            
00002acb  EUSCIB2_IRQHandler            
00002acb  EUSCIB3_IRQHandler            
00002acb  FLCTL_A_IRQHandler            
00002acb  FPU_IRQHandler                
00000fbb  FindKey                       
20000068  FoundKey                      
00001ef9  GetChar                       
00002acb  HardFault_Handler             
00002be9  KeyAssignments                
00002bf9  KeyPatterns                   
00002acb  LCD_F_IRQHandler              
00002acb  MemManage_Handler             
00002acb  NMI_Handler                   
20000044  NewKeyPressed                 
00002acb  PCM_IRQHandler                
00002acb  PORT1_IRQHandler              
00002acb  PORT2_IRQHandler              
00002acb  PORT3_IRQHandler              
000010eb  PORT4_IRQHandler              
000010eb  PORT4_IRQHandler              
00002acb  PORT5_IRQHandler              
00001333  PORT6_IRQHandler              
00001333  PORT6_IRQHandler              
00002acb  PSS_IRQHandler                
00002acb  PendSV_Handler                
00002acb  RTC_C_IRQHandler              
00002abf  Reset_Handler                 
00002acb  SVC_Handler                   
00001e91  SendAll                       
00001e75  SendChar                      
00001ec9  SendCharArray                 
00002acb  SysTick_Handler               
20000040  SystemCoreClock               
00000b39  SystemCoreClockUpdate         
00000db1  SystemInit                    
00002acb  T32_INT1_IRQHandler           
00002acb  T32_INT2_IRQHandler           
00002acb  T32_INTC_IRQHandler           
00002acb  TA0_0_IRQHandler              
00002acb  TA0_N_IRQHandler              
00002acb  TA1_0_IRQHandler              
00002acb  TA1_N_IRQHandler              
00002acb  TA2_0_IRQHandler              
00002acb  TA2_N_IRQHandler              
00002acb  TA3_0_IRQHandler              
00002acb  TA3_N_IRQHandler              
00002acb  UsageFault_Handler            
4000480c  WDTCTL_SYM                    
00002acb  WDT_A_IRQHandler              
20040000  __STACK_END                   
00000200  __STACK_SIZE                  
00002c70  __TI_CINIT_Base               
00002c80  __TI_CINIT_Limit              
00002c58  __TI_Handler_Table_Base       
00002c64  __TI_Handler_Table_Limit      
000028b1  __TI_auto_init_nobinit_nopinit
00002655  __TI_decompress_lzss          
00002ab1  __TI_decompress_none          
00002777  __TI_ltoa                     
ffffffff  __TI_pprof_out_hndl           
000000e9  __TI_printfi                  
ffffffff  __TI_prof_data_size           
ffffffff  __TI_prof_data_start          
00000000  __TI_static_base__            
00002a0b  __TI_zero_init_nomemset       
00002461  __aeabi_cdcmpeq               
00002461  __aeabi_cdcmple               
000024e7  __aeabi_cdrcmple              
00002869  __aeabi_d2iz                  
0000187f  __aeabi_dadd                  
00001ce5  __aeabi_ddiv                  
00002181  __aeabi_dmul                  
00001875  __aeabi_dsub                  
00002ad9  __aeabi_errno_addr            
000029dd  __aeabi_i2d                   
00000b37  __aeabi_idiv0                 
00000b37  __aeabi_ldiv0                 
0000256d  __aeabi_memclr                
0000256d  __aeabi_memclr4               
0000256d  __aeabi_memclr8               
0000232f  __aeabi_memcpy                
0000232f  __aeabi_memcpy4               
0000232f  __aeabi_memcpy8               
0000256f  __aeabi_memset                
0000256f  __aeabi_memset4               
0000256f  __aeabi_memset8               
000023cb  __aeabi_uldivmod              
ffffffff  __binit__                     
ffffffff  __c_args__                    
UNDEFED   __mpu_init                    
2003fe00  __stack                       
20000000  __start___llvm_prf_cnts       
20000000  __stop___llvm_prf_cnts        
00002975  _c_int00_noargs               
00002ae8  _ctypes_                      
UNDEFED   _system_post_cinit            
00002ae1  _system_pre_init              
00002ae5  abort                         
0000281d  atoi                          
ffffffff  binit                         
00000f03  buttonConfig                  
20000045  buttonPress                   
00001a2d  convertDecimal                
00001a95  convertHex                    
00002a43  copysign                      
00002a43  copysignl                     
00000f91  debounce                      
00001b4b  dectoBinary                   
2000003c  errno                         
000026bd  frexp                         
000026bd  frexpl                        
00001ac3  hextoDec                      
00000000  interruptVectors              
00000e89  keypadconfiguration           
00002071  ldexp                         
00002071  ldexpl                        
0000118d  main                          
20000047  maxSize                       
00002a27  memccpy                       
0000232f  memcpy                        
00002575  memset                        
20000000  menu                          
20000046  modeSelect                    
000010cd  reassignKeys                  
00002071  scalbn                        
00002071  scalbnl                       
000028f5  sprintf                       
00002a75  strchr                        
00002a8b  strlen                        
00002a9f  wcslen                        


GLOBAL SYMBOLS: SORTED BY Symbol Address 

address   name                          
-------   ----                          
00000000  __TI_static_base__            
00000000  interruptVectors              
000000e9  __TI_printfi                  
00000200  __STACK_SIZE                  
00000b37  __aeabi_idiv0                 
00000b37  __aeabi_ldiv0                 
00000b39  SystemCoreClockUpdate         
00000db1  SystemInit                    
00000e89  keypadconfiguration           
00000f03  buttonConfig                  
00000f91  debounce                      
00000fbb  FindKey                       
000010cd  reassignKeys                  
000010eb  PORT4_IRQHandler              
000010eb  PORT4_IRQHandler              
0000118d  main                          
00001291  CheckMode                     
00001333  PORT6_IRQHandler              
00001333  PORT6_IRQHandler              
00001875  __aeabi_dsub                  
0000187f  __aeabi_dadd                  
00001a2d  convertDecimal                
00001a95  convertHex                    
00001ac3  hextoDec                      
00001b4b  dectoBinary                   
00001ce5  __aeabi_ddiv                  
00001e1d  ConfigureUART                 
00001e75  SendChar                      
00001e91  SendAll                       
00001ec9  SendCharArray                 
00001ef9  GetChar                       
00001f0d  EUSCIA0_IRQHandler            
00001f0d  EUSCIA0_IRQHandler            
00002071  ldexp                         
00002071  ldexpl                        
00002071  scalbn                        
00002071  scalbnl                       
00002181  __aeabi_dmul                  
0000232f  __aeabi_memcpy                
0000232f  __aeabi_memcpy4               
0000232f  __aeabi_memcpy8               
0000232f  memcpy                        
000023cb  __aeabi_uldivmod              
00002461  __aeabi_cdcmpeq               
00002461  __aeabi_cdcmple               
000024e7  __aeabi_cdrcmple              
0000256d  __aeabi_memclr                
0000256d  __aeabi_memclr4               
0000256d  __aeabi_memclr8               
0000256f  __aeabi_memset                
0000256f  __aeabi_memset4               
0000256f  __aeabi_memset8               
00002575  memset                        
00002655  __TI_decompress_lzss          
000026bd  frexp                         
000026bd  frexpl                        
00002777  __TI_ltoa                     
0000281d  atoi                          
00002869  __aeabi_d2iz                  
000028b1  __TI_auto_init_nobinit_nopinit
000028f5  sprintf                       
00002975  _c_int00_noargs               
000029a9  ConfigureCS                   
000029dd  __aeabi_i2d                   
00002a0b  __TI_zero_init_nomemset       
00002a27  memccpy                       
00002a43  copysign                      
00002a43  copysignl                     
00002a75  strchr                        
00002a8b  strlen                        
00002a9f  wcslen                        
00002ab1  __TI_decompress_none          
00002abf  Reset_Handler                 
00002acb  ADC14_IRQHandler              
00002acb  AES256_IRQHandler             
00002acb  BusFault_Handler              
00002acb  COMP_E0_IRQHandler            
00002acb  COMP_E1_IRQHandler            
00002acb  CS_IRQHandler                 
00002acb  DMA_ERR_IRQHandler            
00002acb  DMA_INT0_IRQHandler           
00002acb  DMA_INT1_IRQHandler           
00002acb  DMA_INT2_IRQHandler           
00002acb  DMA_INT3_IRQHandler           
00002acb  DebugMon_Handler              
00002acb  Default_Handler               
00002acb  EUSCIA1_IRQHandler            
00002acb  EUSCIA2_IRQHandler            
00002acb  EUSCIA3_IRQHandler            
00002acb  EUSCIB0_IRQHandler            
00002acb  EUSCIB1_IRQHandler            
00002acb  EUSCIB2_IRQHandler            
00002acb  EUSCIB3_IRQHandler            
00002acb  FLCTL_A_IRQHandler            
00002acb  FPU_IRQHandler                
00002acb  HardFault_Handler             
00002acb  LCD_F_IRQHandler              
00002acb  MemManage_Handler             
00002acb  NMI_Handler                   
00002acb  PCM_IRQHandler                
00002acb  PORT1_IRQHandler              
00002acb  PORT2_IRQHandler              
00002acb  PORT3_IRQHandler              
00002acb  PORT5_IRQHandler              
00002acb  PSS_IRQHandler                
00002acb  PendSV_Handler                
00002acb  RTC_C_IRQHandler              
00002acb  SVC_Handler                   
00002acb  SysTick_Handler               
00002acb  T32_INT1_IRQHandler           
00002acb  T32_INT2_IRQHandler           
00002acb  T32_INTC_IRQHandler           
00002acb  TA0_0_IRQHandler              
00002acb  TA0_N_IRQHandler              
00002acb  TA1_0_IRQHandler              
00002acb  TA1_N_IRQHandler              
00002acb  TA2_0_IRQHandler              
00002acb  TA2_N_IRQHandler              
00002acb  TA3_0_IRQHandler              
00002acb  TA3_N_IRQHandler              
00002acb  UsageFault_Handler            
00002acb  WDT_A_IRQHandler              
00002ad9  __aeabi_errno_addr            
00002ae1  _system_pre_init              
00002ae5  C$$EXIT                       
00002ae5  abort                         
00002ae8  _ctypes_                      
00002be9  KeyAssignments                
00002bf9  KeyPatterns                   
00002c58  __TI_Handler_Table_Base       
00002c64  __TI_Handler_Table_Limit      
00002c70  __TI_CINIT_Base               
00002c80  __TI_CINIT_Limit              
20000000  __start___llvm_prf_cnts       
20000000  __stop___llvm_prf_cnts        
20000000  menu                          
2000003c  errno                         
20000040  SystemCoreClock               
20000044  NewKeyPressed                 
20000045  buttonPress                   
20000046  modeSelect                    
20000047  maxSize                       
20000048  CharBuffer                    
20000068  FoundKey                      
2003fe00  __stack                       
20040000  __STACK_END                   
4000480c  WDTCTL_SYM                    
ffffffff  __TI_pprof_out_hndl           
ffffffff  __TI_prof_data_size           
ffffffff  __TI_prof_data_start          
ffffffff  __binit__                     
ffffffff  __c_args__                    
ffffffff  binit                         
UNDEFED   __mpu_init                    
UNDEFED   _system_post_cinit            

[155 symbols]
