******************************************************************************
                  TI ARM Linker PC v20.2.5                     
******************************************************************************
>> Linked Fri Feb 18 14:37:52 2022

OUTPUT FILE NAME:   <ECE230LabAssistantJackHLeeN.out>
ENTRY POINT SYMBOL: "_c_int00_noargs"  address: 0000374d


MEMORY CONFIGURATION

         name            origin    length      used     unused   attr    fill
----------------------  --------  ---------  --------  --------  ----  --------
  MAIN                  00000000   00200000  00003c25  001fc3db  R  X
  INFO                  00200000   00008000  00000000  00008000  R  X
  SRAM_CODE             01000000   00040000  00000a1f  0003f5e1  RW X
  SRAM_DATA             20000000   00040000  00000a1f  0003f5e1  RW  


SEGMENT ALLOCATION MAP

run origin  load origin   length   init length attrs members
----------  ----------- ---------- ----------- ----- -------
00000000    00000000    00003c28   00003c28    r-x
  00000000    00000000    000000e8   000000e8    r-- .intvecs
  000000e8    000000e8    00003944   00003944    r-x .text
  00003a2c    00003a2c    00000121   00000121    r-- .const
  00003b50    00003b50    000000d8   000000d8    r-- .cinit
20000000    20000000    00000821   00000000    rw-
  20000000    20000000    00000400   00000000    rw- .sysmem
  20000400    20000400    00000236   00000000    rw- .data
  20000638    20000638    000001e9   00000000    rw- .bss
2003fe00    2003fe00    00000200   00000000    rw-
  2003fe00    2003fe00    00000200   00000000    rw- .stack


SECTION ALLOCATION MAP

 output                                  attributes/
section   page    origin      length       input sections
--------  ----  ----------  ----------   ----------------
.intvecs   0    00000000    000000e8     
                  00000000    000000e8     startup_msp432p4111_ccs.obj (.intvecs:retain)

.text      0    000000e8    00003944     
                  000000e8    00000a4e     rtsv7M4_T_le_v4SPD16_eabi.lib : _printfi.c.obj (.text:__TI_printfi)
                  00000b36    00000002                                   : _lock.c.obj (.text:_nop)
                  00000b38    0000035c     main.obj (.text)
                  00000e94    00000350     system_msp432p4111.obj (.text)
                  000011e4    00000304     keypadscan_subroutines.obj (.text)
                  000014e8    0000027c     hex2dec.obj (.text)
                  00001764    00000270     rtsv7M4_T_le_v4SPD16_eabi.lib : _printfi.c.obj (.text:_pconv_a)
                  000019d4    000001d0                                   : _printfi.c.obj (.text:_pconv_g)
                  00001ba4    000001b6                                   : fd_add_t2.asm.obj (.text)
                  00001d5a    00000002                                   : div0.asm.obj (.text)
                  00001d5c    0000015c     uart_routines.obj (.text)
                  00001eb8    0000013c     rtsv7M4_T_le_v4SPD16_eabi.lib : _printfi.c.obj (.text:_pconv_e)
                  00001ff4    00000136                                   : fd_div_t2.asm.obj (.text)
                  0000212a    00000002     --HOLE-- [fill = 0]
                  0000212c    00000124                                   : _printfi.c.obj (.text:fcvt)
                  00002250    00000114                                   : fputs.c.obj (.text:fputs)
                  00002364    00000110                                   : s_scalbn.c.obj (.text:scalbn)
                  00002474    0000010c     wavegen.obj (.text)
                  00002580    00000100     rtsv7M4_T_le_v4SPD16_eabi.lib : memory.c.obj (.text:aligned_alloc)
                  00002680    000000fc                                   : fd_mul_t2.asm.obj (.text)
                  0000277c    000000e4                                   : memory.c.obj (.text:free)
                  00002860    000000dc                                   : setvbuf.c.obj (.text:setvbuf)
                  0000293c    000000b1                                   : _printfi.c.obj (.text:_ltostr)
                  000029ed    00000001     --HOLE-- [fill = 0]
                  000029ee    0000009c                                   : memcpy_t2.asm.obj (.text)
                  00002a8a    00000096                                   : ull_div_t2.asm.obj (.text)
                  00002b20    0000008c                                   : fputc.c.obj (.text:fputc)
                  00002bac    00000086                                   : fd_cmp_t2.asm.obj (.text:__aeabi_cdcmple)
                  00002c32    00000086                                   : fd_cmp_t2.asm.obj (.text:__aeabi_cdrcmple)
                  00002cb8    0000007a                                   : memset_t2.asm.obj (.text)
                  00002d32    00000002     --HOLE-- [fill = 0]
                  00002d34    00000074                                   : fclose.c.obj (.text:__TI_closefile)
                  00002da8    00000070                                   : memory.c.obj (.text:split)
                  00002e18    0000006e                                   : _printfi.c.obj (.text:_mcpy)
                  00002e86    00000002     --HOLE-- [fill = 0]
                  00002e88    0000006c                                   : hostrename.c.obj (.text:HOSTrename)
                  00002ef4    00000068                                   : hostlseek.c.obj (.text:HOSTlseek)
                  00002f5c    00000068                                   : copy_decompress_lzss.c.obj (.text:decompress:lzss:__TI_decompress_lzss)
                  00002fc4    00000064                                   : fprintf.c.obj (.text:fprintf)
                  00003028    00000064                                   : s_frexp.c.obj (.text:frexp)
                  0000308c    00000064                                   : fseek.c.obj (.text:fseek)
                  000030f0    00000062                                   : _io_perm.c.obj (.text:__TI_wrt_ok)
                  00003152    00000002     --HOLE-- [fill = 0]
                  00003154    00000060                                   : hostopen.c.obj (.text:HOSTopen)
                  000031b4    0000005c                                   : close.c.obj (.text:close)
                  00003210    00000058                                   : hostread.c.obj (.text:HOSTread)
                  00003268    00000058                                   : hostwrite.c.obj (.text:HOSTwrite)
                  000032c0    00000056                                   : _printfi.c.obj (.text:_pconv_f)
                  00003316    00000054                                   : _ltoa.c.obj (.text:__TI_ltoa)
                  0000336a    00000052                                   : _printfi.c.obj (.text:_ecpy)
                  000033bc    0000004c                                   : fflush.c.obj (.text:__TI_doflush)
                  00003408    0000004c                                   : atoi.c.obj (.text:atoi)
                  00003454    00000048                                   : exit.c.obj (.text:exit)
                  0000349c    00000048                                   : fd_toi_t2.asm.obj (.text)
                  000034e4    00000044                                   : hostclose.c.obj (.text:HOSTclose)
                  00003528    00000044                                   : hostunlink.c.obj (.text:HOSTunlink)
                  0000356c    00000044                                   : autoinit.c.obj (.text:__TI_auto_init_nobinit_nopinit:__TI_auto_init_nobinit_nopinit)
                  000035b0    00000044                                   : getdevice.c.obj (.text:getdevice)
                  000035f4    00000040                                   : sprintf.c.obj (.text:sprintf)
                  00003634    0000003e                                   : _printfi.c.obj (.text:_fcpy)
                  00003672    00000002     --HOLE-- [fill = 0]
                  00003674    00000038                                   : trgmsg.c.obj (.text:__TI_writemsg)
                  000036ac    00000036                                   : strncpy.c.obj (.text:strncpy)
                  000036e2    00000002     --HOLE-- [fill = 0]
                  000036e4    00000034                                   : fopen.c.obj (.text:__TI_cleanup)
                  00003718    00000034                                   : trgmsg.c.obj (.text:__TI_readmsg)
                  0000374c    00000034                                   : boot_cortex_m.c.obj (.text:_c_int00_noargs:_c_int00_noargs)
                  00003780    00000034     gen_routines.obj (.text)
                  000037b4    00000030     rtsv7M4_T_le_v4SPD16_eabi.lib : getdevice.c.obj (.text:finddevice)
                  000037e4    0000002e                                   : i_tofd_t2.asm.obj (.text)
                  00003812    00000002     --HOLE-- [fill = 0]
                  00003814    0000002c                                   : unlink.c.obj (.text:unlink)
                  00003840    00000028                                   : memory.c.obj (.text:free_list_insert)
                  00003868    00000028                                   : lseek.c.obj (.text:lseek)
                  00003890    00000028                                   : write.c.obj (.text:write)
                  000038b8    00000020                                   : memchr.c.obj (.text:memchr)
                  000038d8    00000020                                   : u_tofd_t2.asm.obj (.text)
                  000038f8    0000001c                                   : copy_zero_init.c.obj (.text:decompress:ZI:__TI_zero_init_nomemset:__TI_zero_init_nomemset)
                  00003914    0000001c                                   : memory.c.obj (.text:free_list_remove)
                  00003930    0000001c                                   : memccpy.c.obj (.text:memccpy)
                  0000394c    0000001a                                   : s_copysign.c.obj (.text:copysign)
                  00003966    00000018                                   : sprintf.c.obj (.text:_outs)
                  0000397e    00000018                                   : strcmp.c.obj (.text:strcmp)
                  00003996    00000016                                   : strchr.c.obj (.text:strchr)
                  000039ac    00000014                                   : strcpy.c.obj (.text:strcpy)
                  000039c0    00000014                                   : strlen.c.obj (.text:strlen)
                  000039d4    00000012                                   : wcslen.c.obj (.text:wcslen)
                  000039e6    0000000e                                   : copy_decompress_none.c.obj (.text:decompress:none:__TI_decompress_none)
                  000039f4    0000000e     startup_msp432p4111_ccs.obj (.text)
                  00003a02    0000000a     rtsv7M4_T_le_v4SPD16_eabi.lib : sprintf.c.obj (.text:_outc)
                  00003a0c    00000008                                   : errno.c.obj (.text:__aeabi_errno_addr)
                  00003a14    00000008                                   : memory.c.obj (.text:malloc)
                  00003a1c    00000004                                   : fprintf.c.obj (.text:_outc)
                  00003a20    00000004                                   : fprintf.c.obj (.text:_outs)
                  00003a24    00000004                                   : pre_init.c.obj (.text:_system_pre_init)
                  00003a28    00000004                                   : exit.c.obj (.text:abort:abort)

.const     0    00003a2c    00000121     
                  00003a2c    00000101     rtsv7M4_T_le_v4SPD16_eabi.lib : ctype.c.obj (.const:.string:_ctypes_)
                  00003b2d    00000010     keypadscan_subroutines.obj (.const:.string:KeyAssignments)
                  00003b3d    00000010     keypadscan_subroutines.obj (.const:.string:KeyPatterns)

.cinit     0    00003b50    000000d8     
                  00003b50    000000b3     (.cinit..data.load) [load image, compression = lzss]
                  00003c03    00000001     --HOLE-- [fill = 0]
                  00003c04    0000000c     (__TI_handler_table)
                  00003c10    00000008     (.cinit..bss.load) [load image, compression = zero_init]
                  00003c18    00000010     (__TI_cinit_table)

.init_array 
*          0    00000000    00000000     UNINITIALIZED

.binit     0    00000000    00000000     

.sysmem    0    20000000    00000400     UNINITIALIZED
                  20000000    00000010     rtsv7M4_T_le_v4SPD16_eabi.lib : memory.c.obj (.sysmem)
                  20000010    000003f0     --HOLE--

.data      0    20000400    00000236     UNINITIALIZED
                  20000400    000000f0     rtsv7M4_T_le_v4SPD16_eabi.lib : defs.c.obj (.data:_ftable)
                  200004f0    00000078                                   : host_device.c.obj (.data:_device)
                  20000568    00000050                                   : host_device.c.obj (.data:_stream)
                  200005b8    00000045     main.obj (.data:menu)
                  200005fd    00000002     keypadscan_subroutines.obj (.data)
                  200005ff    00000001     --HOLE--
                  20000600    00000010     rtsv7M4_T_le_v4SPD16_eabi.lib : defs.c.obj (.data)
                  20000610    0000000c                                   : exit.c.obj (.data:$O1$$)
                  2000061c    00000008                                   : _lock.c.obj (.data:$O1$$)
                  20000624    00000008                                   : memory.c.obj (.data:$O1$$)
                  2000062c    00000004                                   : errno.c.obj (.data)
                  20000630    00000004     system_msp432p4111.obj (.data)
                  20000634    00000002     main.obj (.data)

.bss       0    20000638    000001e9     UNINITIALIZED
                  20000638    00000120     rtsv7M4_T_le_v4SPD16_eabi.lib : trgmsg.c.obj (.bss:_CIOBUF_)
                  20000758    000000a0     (.common:__TI_tmpnams)
                  200007f8    00000020     (.common:CharBuffer)
                  20000818    00000008     (.common:parmbuf)
                  20000820    00000001     (.common:FoundKey)

.stack     0    2003fe00    00000200     UNINITIALIZED
                  2003fe00    00000004     rtsv7M4_T_le_v4SPD16_eabi.lib : boot_cortex_m.c.obj (.stack)
                  2003fe04    000001fc     --HOLE--

__llvm_prf_cnts 
*          0    20000000    00000000     UNINITIALIZED

MODULE SUMMARY

       Module                        code    ro data   rw data
       ------                        ----    -------   -------
    .\
       main.obj                      860     0         142    
       system_msp432p4111.obj        848     0         8      
       keypadscan_subroutines.obj    772     32        6      
       hex2dec.obj                   636     0         64     
       uart_routines.obj             348     0         0      
       wavegen.obj                   268     0         0      
       startup_msp432p4111_ccs.obj   14      232       0      
       gen_routines.obj              52      0         0      
    +--+-----------------------------+-------+---------+---------+
       Total:                        3798    264       220    
                                                              
    C:\ti\ccs1040\ccs\tools\compiler\ti-cgt-arm_20.2.5.LTS\lib\rtsv7M4_T_le_v4SPD16_eabi.lib
       _printfi.c.obj                4851    0         0      
       defs.c.obj                    0       0         832    
       memory.c.obj                  672     0         16     
       trgmsg.c.obj                  108     0         576    
       fd_add_t2.asm.obj             438     0         0      
       host_device.c.obj             0       0         400    
       fd_div_t2.asm.obj             310     0         0      
       fputs.c.obj                   276     0         0      
       s_scalbn.c.obj                272     0         0      
       fd_cmp_t2.asm.obj             268     0         0      
       ctype.c.obj                   0       257       0      
       fd_mul_t2.asm.obj             252     0         0      
       setvbuf.c.obj                 220     0         0      
       memcpy_t2.asm.obj             156     0         0      
       ull_div_t2.asm.obj            150     0         0      
       fputc.c.obj                   140     0         0      
       memset_t2.asm.obj             122     0         0      
       fclose.c.obj                  116     0         0      
       getdevice.c.obj               116     0         0      
       hostopen.c.obj                96      0         16     
       fprintf.c.obj                 108     0         0      
       hostrename.c.obj              108     0         0      
       copy_decompress_lzss.c.obj    104     0         0      
       hostlseek.c.obj               104     0         0      
       exit.c.obj                    76      0         24     
       fseek.c.obj                   100     0         0      
       s_frexp.c.obj                 100     0         0      
       _io_perm.c.obj                98      0         0      
       sprintf.c.obj                 98      0         0      
       close.c.obj                   92      0         0      
       hostread.c.obj                88      0         0      
       hostwrite.c.obj               88      0         0      
       _ltoa.c.obj                   84      0         0      
       atoi.c.obj                    76      0         0      
       fflush.c.obj                  76      0         0      
       fd_toi_t2.asm.obj             72      0         0      
       autoinit.c.obj                68      0         0      
       hostclose.c.obj               68      0         0      
       hostunlink.c.obj              68      0         0      
       strncpy.c.obj                 54      0         0      
       boot_cortex_m.c.obj           52      0         0      
       fopen.c.obj                   52      0         0      
       i_tofd_t2.asm.obj             46      0         0      
       unlink.c.obj                  44      0         0      
       lseek.c.obj                   40      0         0      
       write.c.obj                   40      0         0      
       memchr.c.obj                  32      0         0      
       u_tofd_t2.asm.obj             32      0         0      
       copy_zero_init.c.obj          28      0         0      
       memccpy.c.obj                 28      0         0      
       s_copysign.c.obj              26      0         0      
       strcmp.c.obj                  24      0         0      
       strchr.c.obj                  22      0         0      
       strcpy.c.obj                  20      0         0      
       strlen.c.obj                  20      0         0      
       _lock.c.obj                   2       0         16     
       wcslen.c.obj                  18      0         0      
       errno.c.obj                   8       0         8      
       copy_decompress_none.c.obj    14      0         0      
       pre_init.c.obj                4       0         0      
       div0.asm.obj                  2       0         0      
    +--+-----------------------------+-------+---------+---------+
       Total:                        10847   257       1888   
                                                              
       Heap:                         0       0         2048   
       Stack:                        0       0         1024   
       Linker Generated:             0       215       0      
    +--+-----------------------------+-------+---------+---------+
       Grand Total:                  14645   736       5180   


LINKER GENERATED COPY TABLES

__TI_cinit_table @ 00003c18 records: 2, size/record: 8, table size: 16
	.data: load addr=00003b50, load size=000000b3 bytes, run addr=20000400, run size=00000236 bytes, compression=lzss
	.bss: load addr=00003c10, load size=00000008 bytes, run addr=20000638, run size=000001e9 bytes, compression=zero_init


LINKER GENERATED HANDLER TABLE

__TI_handler_table @ 00003c04 records: 3, size/record: 4, table size: 12
	index: 0, handler: __TI_decompress_lzss
	index: 1, handler: __TI_decompress_none
	index: 2, handler: __TI_zero_init


GLOBAL SYMBOLS: SORTED ALPHABETICALLY BY Name 

address   name                           
-------   ----                           
00003a01  ADC14_IRQHandler               
00003a01  AES256_IRQHandler              
00003a01  BusFault_Handler               
00003a29  C$$EXIT                        
000036a3  C$$IO$$                        
00003a01  COMP_E0_IRQHandler             
00003a01  COMP_E1_IRQHandler             
00003a01  CS_IRQHandler                  
200007f8  CharBuffer                     
00000c95  CheckMode                      
00003781  ConfigureCS                    
00001d5d  ConfigureUART                  
00003a01  DMA_ERR_IRQHandler             
00003a01  DMA_INT0_IRQHandler            
00003a01  DMA_INT1_IRQHandler            
00003a01  DMA_INT2_IRQHandler            
00003a01  DMA_INT3_IRQHandler            
00003a01  DebugMon_Handler               
00003a01  Default_Handler                
00001e79  EUSCIA0_IRQHandler             
00001e79  EUSCIA0_IRQHandler             
00003a01  EUSCIA1_IRQHandler             
00003a01  EUSCIA2_IRQHandler             
00003a01  EUSCIA3_IRQHandler             
00003a01  EUSCIB0_IRQHandler             
00003a01  EUSCIB1_IRQHandler             
00003a01  EUSCIB2_IRQHandler             
00003a01  EUSCIB3_IRQHandler             
00003a01  FLCTL_A_IRQHandler             
00003a01  FPU_IRQHandler                 
00001317  FindKey                        
20000820  FoundKey                       
00001e39  GetChar                        
000034e5  HOSTclose                      
00002ef5  HOSTlseek                      
00003155  HOSTopen                       
00003211  HOSTread                       
00002e89  HOSTrename                     
00003529  HOSTunlink                     
00003269  HOSTwrite                      
00003a01  HardFault_Handler              
00003b2d  KeyAssignments                 
00003b3d  KeyPatterns                    
00003a01  LCD_F_IRQHandler               
00003a01  MemManage_Handler              
00003a01  NMI_Handler                    
200005fd  NewKeyPressed                  
00003a01  PCM_IRQHandler                 
00003a01  PORT1_IRQHandler               
00003a01  PORT2_IRQHandler               
00003a01  PORT3_IRQHandler               
00001447  PORT4_IRQHandler               
00001447  PORT4_IRQHandler               
00003a01  PORT5_IRQHandler               
00000d41  PORT6_IRQHandler               
00000d41  PORT6_IRQHandler               
00003a01  PSS_IRQHandler                 
00003a01  PendSV_Handler                 
00003a01  RTC_C_IRQHandler               
000039f5  Reset_Handler                  
00003a01  SVC_Handler                    
00001dd1  SendAll                        
00001db5  SendChar                       
00001e09  SendCharArray                  
00003a01  SysTick_Handler                
20000630  SystemCoreClock                
00000e95  SystemCoreClockUpdate          
0000110d  SystemInit                     
00003a01  T32_INT1_IRQHandler            
00003a01  T32_INT2_IRQHandler            
00003a01  T32_INTC_IRQHandler            
00003a01  TA0_0_IRQHandler               
00003a01  TA0_N_IRQHandler               
000024f1  TA1_0_IRQHandler               
000024f1  TA1_0_IRQHandler               
00003a01  TA1_N_IRQHandler               
00003a01  TA2_0_IRQHandler               
00003a01  TA2_N_IRQHandler               
00003a01  TA3_0_IRQHandler               
00003a01  TA3_N_IRQHandler               
00003a01  UsageFault_Handler             
4000480c  WDTCTL_SYM                     
00003a01  WDT_A_IRQHandler               
20000638  __CIOBUF_                      
20040000  __STACK_END                    
00000200  __STACK_SIZE                   
00000400  __SYSMEM_SIZE                  
00003c18  __TI_CINIT_Base                
00003c28  __TI_CINIT_Limit               
00003c04  __TI_Handler_Table_Base        
00003c10  __TI_Handler_Table_Limit       
0000356d  __TI_auto_init_nobinit_nopinit 
000036e5  __TI_cleanup                   
20000610  __TI_cleanup_ptr               
00002d35  __TI_closefile                 
00002f5d  __TI_decompress_lzss           
000039e7  __TI_decompress_none           
000033bd  __TI_doflush                   
20000614  __TI_dtors_ptr                 
20000618  __TI_enable_exit_profile_output
20000600  __TI_ft_end                    
00003317  __TI_ltoa                      
ffffffff  __TI_pprof_out_hndl            
000000e9  __TI_printfi                   
ffffffff  __TI_prof_data_size            
ffffffff  __TI_prof_data_start           
00003719  __TI_readmsg                   
00000000  __TI_static_base__             
20000758  __TI_tmpnams                   
00003675  __TI_writemsg                  
000030f1  __TI_wrt_ok                    
000038f9  __TI_zero_init_nomemset        
00002bad  __aeabi_cdcmpeq                
00002bad  __aeabi_cdcmple                
00002c33  __aeabi_cdrcmple               
0000349d  __aeabi_d2iz                   
00001baf  __aeabi_dadd                   
00001ff5  __aeabi_ddiv                   
00002681  __aeabi_dmul                   
00001ba5  __aeabi_dsub                   
00003a0d  __aeabi_errno_addr             
000037e5  __aeabi_i2d                    
00001d5b  __aeabi_idiv0                  
00001d5b  __aeabi_ldiv0                  
00002cb9  __aeabi_memclr                 
00002cb9  __aeabi_memclr4                
00002cb9  __aeabi_memclr8                
000029ef  __aeabi_memcpy                 
000029ef  __aeabi_memcpy4                
000029ef  __aeabi_memcpy8                
00002cbb  __aeabi_memset                 
00002cbb  __aeabi_memset4                
00002cbb  __aeabi_memset8                
2000060c  __aeabi_stderr                 
20000604  __aeabi_stdin                  
20000608  __aeabi_stdout                 
000038d9  __aeabi_ui2d                   
00002a8b  __aeabi_uldivmod               
ffffffff  __binit__                      
ffffffff  __c_args__                     
UNDEFED   __mpu_init                     
2003fe00  __stack                        
20000000  __start___llvm_prf_cnts        
20000000  __stop___llvm_prf_cnts         
0000374d  _c_int00_noargs                
00003a2c  _ctypes_                       
200004f0  _device                        
20000400  _ftable                        
2000061c  _lock                          
00000b37  _nop                           
20000568  _stream                        
20000000  _sys_memory                    
UNDEFED   _system_post_cinit             
00003a25  _system_pre_init               
20000620  _unlock                        
00003a29  abort                          
00002581  aligned_alloc                  
00003409  atoi                           
ffffffff  binit                          
000016cf  bintoDec                       
0000125f  buttonConfig                   
200005fe  buttonPress                    
000024b3  changeDutyCycle                
000031b5  close                          
0000156f  convertBinary                  
000014e9  convertDecimal                 
000015b1  convertHex                     
0000394d  copysign                       
0000394d  copysignl                      
000012ed  debounce                       
00001697  dectoBinary                    
2000062c  errno                          
00003455  exit                           
000037b5  finddevice                     
00002fc5  fprintf                        
00002b21  fputc                          
00002251  fputs                          
0000277d  free                           
00003029  frexp                          
00003029  frexpl                         
0000308d  fseek                          
000035b1  getdevice                      
00001613  hextoDec                       
00000000  interruptVectors               
000011e5  keypadconfiguration            
00002365  ldexp                          
00002365  ldexpl                         
00003869  lseek                          
00000b39  main                           
00003a15  malloc                         
20000635  maxSize                        
00002581  memalign                       
00003931  memccpy                        
000038b9  memchr                         
000029ef  memcpy                         
00002cc1  memset                         
200005b8  menu                           
20000634  modeSelect                     
20000818  parmbuf                        
00001e4d  printOutBuffer                 
00002b21  putc                           
00001429  reassignKeys                   
00003815  remove                         
00002365  scalbn                         
00002365  scalbnl                        
00002861  setvbuf                        
000035f5  sprintf                        
00003997  strchr                         
0000397f  strcmp                         
000039ad  strcpy                         
000039c1  strlen                         
000036ad  strncpy                        
00002505  toggleWavegen                  
00003815  unlink                         
00002475  wavegenConfig                  
000039d5  wcslen                         
00003891  write                          


GLOBAL SYMBOLS: SORTED BY Symbol Address 

address   name                           
-------   ----                           
00000000  __TI_static_base__             
00000000  interruptVectors               
000000e9  __TI_printfi                   
00000200  __STACK_SIZE                   
00000400  __SYSMEM_SIZE                  
00000b37  _nop                           
00000b39  main                           
00000c95  CheckMode                      
00000d41  PORT6_IRQHandler               
00000d41  PORT6_IRQHandler               
00000e95  SystemCoreClockUpdate          
0000110d  SystemInit                     
000011e5  keypadconfiguration            
0000125f  buttonConfig                   
000012ed  debounce                       
00001317  FindKey                        
00001429  reassignKeys                   
00001447  PORT4_IRQHandler               
00001447  PORT4_IRQHandler               
000014e9  convertDecimal                 
0000156f  convertBinary                  
000015b1  convertHex                     
00001613  hextoDec                       
00001697  dectoBinary                    
000016cf  bintoDec                       
00001ba5  __aeabi_dsub                   
00001baf  __aeabi_dadd                   
00001d5b  __aeabi_idiv0                  
00001d5b  __aeabi_ldiv0                  
00001d5d  ConfigureUART                  
00001db5  SendChar                       
00001dd1  SendAll                        
00001e09  SendCharArray                  
00001e39  GetChar                        
00001e4d  printOutBuffer                 
00001e79  EUSCIA0_IRQHandler             
00001e79  EUSCIA0_IRQHandler             
00001ff5  __aeabi_ddiv                   
00002251  fputs                          
00002365  ldexp                          
00002365  ldexpl                         
00002365  scalbn                         
00002365  scalbnl                        
00002475  wavegenConfig                  
000024b3  changeDutyCycle                
000024f1  TA1_0_IRQHandler               
000024f1  TA1_0_IRQHandler               
00002505  toggleWavegen                  
00002581  aligned_alloc                  
00002581  memalign                       
00002681  __aeabi_dmul                   
0000277d  free                           
00002861  setvbuf                        
000029ef  __aeabi_memcpy                 
000029ef  __aeabi_memcpy4                
000029ef  __aeabi_memcpy8                
000029ef  memcpy                         
00002a8b  __aeabi_uldivmod               
00002b21  fputc                          
00002b21  putc                           
00002bad  __aeabi_cdcmpeq                
00002bad  __aeabi_cdcmple                
00002c33  __aeabi_cdrcmple               
00002cb9  __aeabi_memclr                 
00002cb9  __aeabi_memclr4                
00002cb9  __aeabi_memclr8                
00002cbb  __aeabi_memset                 
00002cbb  __aeabi_memset4                
00002cbb  __aeabi_memset8                
00002cc1  memset                         
00002d35  __TI_closefile                 
00002e89  HOSTrename                     
00002ef5  HOSTlseek                      
00002f5d  __TI_decompress_lzss           
00002fc5  fprintf                        
00003029  frexp                          
00003029  frexpl                         
0000308d  fseek                          
000030f1  __TI_wrt_ok                    
00003155  HOSTopen                       
000031b5  close                          
00003211  HOSTread                       
00003269  HOSTwrite                      
00003317  __TI_ltoa                      
000033bd  __TI_doflush                   
00003409  atoi                           
00003455  exit                           
0000349d  __aeabi_d2iz                   
000034e5  HOSTclose                      
00003529  HOSTunlink                     
0000356d  __TI_auto_init_nobinit_nopinit 
000035b1  getdevice                      
000035f5  sprintf                        
00003675  __TI_writemsg                  
000036a3  C$$IO$$                        
000036ad  strncpy                        
000036e5  __TI_cleanup                   
00003719  __TI_readmsg                   
0000374d  _c_int00_noargs                
00003781  ConfigureCS                    
000037b5  finddevice                     
000037e5  __aeabi_i2d                    
00003815  remove                         
00003815  unlink                         
00003869  lseek                          
00003891  write                          
000038b9  memchr                         
000038d9  __aeabi_ui2d                   
000038f9  __TI_zero_init_nomemset        
00003931  memccpy                        
0000394d  copysign                       
0000394d  copysignl                      
0000397f  strcmp                         
00003997  strchr                         
000039ad  strcpy                         
000039c1  strlen                         
000039d5  wcslen                         
000039e7  __TI_decompress_none           
000039f5  Reset_Handler                  
00003a01  ADC14_IRQHandler               
00003a01  AES256_IRQHandler              
00003a01  BusFault_Handler               
00003a01  COMP_E0_IRQHandler             
00003a01  COMP_E1_IRQHandler             
00003a01  CS_IRQHandler                  
00003a01  DMA_ERR_IRQHandler             
00003a01  DMA_INT0_IRQHandler            
00003a01  DMA_INT1_IRQHandler            
00003a01  DMA_INT2_IRQHandler            
00003a01  DMA_INT3_IRQHandler            
00003a01  DebugMon_Handler               
00003a01  Default_Handler                
00003a01  EUSCIA1_IRQHandler             
00003a01  EUSCIA2_IRQHandler             
00003a01  EUSCIA3_IRQHandler             
00003a01  EUSCIB0_IRQHandler             
00003a01  EUSCIB1_IRQHandler             
00003a01  EUSCIB2_IRQHandler             
00003a01  EUSCIB3_IRQHandler             
00003a01  FLCTL_A_IRQHandler             
00003a01  FPU_IRQHandler                 
00003a01  HardFault_Handler              
00003a01  LCD_F_IRQHandler               
00003a01  MemManage_Handler              
00003a01  NMI_Handler                    
00003a01  PCM_IRQHandler                 
00003a01  PORT1_IRQHandler               
00003a01  PORT2_IRQHandler               
00003a01  PORT3_IRQHandler               
00003a01  PORT5_IRQHandler               
00003a01  PSS_IRQHandler                 
00003a01  PendSV_Handler                 
00003a01  RTC_C_IRQHandler               
00003a01  SVC_Handler                    
00003a01  SysTick_Handler                
00003a01  T32_INT1_IRQHandler            
00003a01  T32_INT2_IRQHandler            
00003a01  T32_INTC_IRQHandler            
00003a01  TA0_0_IRQHandler               
00003a01  TA0_N_IRQHandler               
00003a01  TA1_N_IRQHandler               
00003a01  TA2_0_IRQHandler               
00003a01  TA2_N_IRQHandler               
00003a01  TA3_0_IRQHandler               
00003a01  TA3_N_IRQHandler               
00003a01  UsageFault_Handler             
00003a01  WDT_A_IRQHandler               
00003a0d  __aeabi_errno_addr             
00003a15  malloc                         
00003a25  _system_pre_init               
00003a29  C$$EXIT                        
00003a29  abort                          
00003a2c  _ctypes_                       
00003b2d  KeyAssignments                 
00003b3d  KeyPatterns                    
00003c04  __TI_Handler_Table_Base        
00003c10  __TI_Handler_Table_Limit       
00003c18  __TI_CINIT_Base                
00003c28  __TI_CINIT_Limit               
20000000  __start___llvm_prf_cnts        
20000000  __stop___llvm_prf_cnts         
20000000  _sys_memory                    
20000400  _ftable                        
200004f0  _device                        
20000568  _stream                        
200005b8  menu                           
200005fd  NewKeyPressed                  
200005fe  buttonPress                    
20000600  __TI_ft_end                    
20000604  __aeabi_stdin                  
20000608  __aeabi_stdout                 
2000060c  __aeabi_stderr                 
20000610  __TI_cleanup_ptr               
20000614  __TI_dtors_ptr                 
20000618  __TI_enable_exit_profile_output
2000061c  _lock                          
20000620  _unlock                        
2000062c  errno                          
20000630  SystemCoreClock                
20000634  modeSelect                     
20000635  maxSize                        
20000638  __CIOBUF_                      
20000758  __TI_tmpnams                   
200007f8  CharBuffer                     
20000818  parmbuf                        
20000820  FoundKey                       
2003fe00  __stack                        
20040000  __STACK_END                    
4000480c  WDTCTL_SYM                     
ffffffff  __TI_pprof_out_hndl            
ffffffff  __TI_prof_data_size            
ffffffff  __TI_prof_data_start           
ffffffff  __binit__                      
ffffffff  __c_args__                     
ffffffff  binit                          
UNDEFED   __mpu_init                     
UNDEFED   _system_post_cinit             

[217 symbols]
