******************************************************************************
                  TI ARM Linker PC v20.2.5                     
******************************************************************************
>> Linked Wed Feb 16 16:18:40 2022

OUTPUT FILE NAME:   <ECE230LabAssistantJackHLeeN.out>
ENTRY POINT SYMBOL: "_c_int00_noargs"  address: 00002799


MEMORY CONFIGURATION

         name            origin    length      used     unused   attr    fill
----------------------  --------  ---------  --------  --------  ----  --------
  MAIN                  00000000   00200000  00002a31  001fd5cf  R  X
  INFO                  00200000   00008000  00000000  00008000  R  X
  SRAM_CODE             01000000   00040000  0000022b  0003fdd5  RW X
  SRAM_DATA             20000000   00040000  0000022b  0003fdd5  RW  


SEGMENT ALLOCATION MAP

run origin  load origin   length   init length attrs members
----------  ----------- ---------- ----------- ----- -------
00000000    00000000    00002a38   00002a38    r-x
  00000000    00000000    000000e8   000000e8    r-- .intvecs
  000000e8    000000e8    000027f0   000027f0    r-x .text
  000028d8    000028d8    00000121   00000121    r-- .const
  00002a00    00002a00    00000038   00000038    r-- .cinit
20000000    20000000    0000002e   00000000    rw-
  20000000    20000000    0000001d   00000000    rw- .bss
  20000020    20000020    0000000e   00000000    rw- .data
2003fe00    2003fe00    00000200   00000000    rw-
  2003fe00    2003fe00    00000200   00000000    rw- .stack


SECTION ALLOCATION MAP

 output                                  attributes/
section   page    origin      length       input sections
--------  ----  ----------  ----------   ----------------
.intvecs   0    00000000    000000e8     
                  00000000    000000e8     startup_msp432p4111_ccs.obj (.intvecs:retain)

.text      0    000000e8    000027f0     
                  000000e8    00000a4e     rtsv7M4_T_le_v4SPD16_eabi.lib : _printfi.c.obj (.text:__TI_printfi)
                  00000b36    00000002                                   : div0.asm.obj (.text)
                  00000b38    00000350     system_msp432p4111.obj (.text)
                  00000e88    000002e0     keypadscan_subroutines.obj (.text)
                  00001168    00000270     rtsv7M4_T_le_v4SPD16_eabi.lib : _printfi.c.obj (.text:_pconv_a)
                  000013d8    000001d0                                   : _printfi.c.obj (.text:_pconv_g)
                  000015a8    000001b6                                   : fd_add_t2.asm.obj (.text)
                  0000175e    00000002     --HOLE-- [fill = 0]
                  00001760    000001b0     main.obj (.text)
                  00001910    0000013c     rtsv7M4_T_le_v4SPD16_eabi.lib : _printfi.c.obj (.text:_pconv_e)
                  00001a4c    00000136                                   : fd_div_t2.asm.obj (.text)
                  00001b82    00000002     --HOLE-- [fill = 0]
                  00001b84    00000130     uart_routines.obj (.text)
                  00001cb4    00000124     rtsv7M4_T_le_v4SPD16_eabi.lib : _printfi.c.obj (.text:fcvt)
                  00001dd8    00000110                                   : s_scalbn.c.obj (.text:scalbn)
                  00001ee8    000000fc                                   : fd_mul_t2.asm.obj (.text)
                  00001fe4    000000ba     hex2dec.obj (.text)
                  0000209e    00000002     --HOLE-- [fill = 0]
                  000020a0    000000b1     rtsv7M4_T_le_v4SPD16_eabi.lib : _printfi.c.obj (.text:_ltostr)
                  00002151    00000001     --HOLE-- [fill = 0]
                  00002152    0000009c                                   : memcpy_t2.asm.obj (.text)
                  000021ee    00000096                                   : ull_div_t2.asm.obj (.text)
                  00002284    00000086                                   : fd_cmp_t2.asm.obj (.text:__aeabi_cdcmple)
                  0000230a    00000086                                   : fd_cmp_t2.asm.obj (.text:__aeabi_cdrcmple)
                  00002390    0000007a                                   : memset_t2.asm.obj (.text)
                  0000240a    0000006e                                   : _printfi.c.obj (.text:_mcpy)
                  00002478    00000068                                   : copy_decompress_lzss.c.obj (.text:decompress:lzss:__TI_decompress_lzss)
                  000024e0    00000064                                   : s_frexp.c.obj (.text:frexp)
                  00002544    00000056                                   : _printfi.c.obj (.text:_pconv_f)
                  0000259a    00000054                                   : _ltoa.c.obj (.text:__TI_ltoa)
                  000025ee    00000052                                   : _printfi.c.obj (.text:_ecpy)
                  00002640    0000004c                                   : atoi.c.obj (.text:atoi)
                  0000268c    00000048                                   : fd_toi_t2.asm.obj (.text)
                  000026d4    00000044                                   : autoinit.c.obj (.text:__TI_auto_init_nobinit_nopinit:__TI_auto_init_nobinit_nopinit)
                  00002718    00000040                                   : sprintf.c.obj (.text:sprintf)
                  00002758    0000003e                                   : _printfi.c.obj (.text:_fcpy)
                  00002796    00000002     --HOLE-- [fill = 0]
                  00002798    00000034                                   : boot_cortex_m.c.obj (.text:_c_int00_noargs:_c_int00_noargs)
                  000027cc    0000002e                                   : i_tofd_t2.asm.obj (.text)
                  000027fa    0000001c                                   : copy_zero_init.c.obj (.text:decompress:ZI:__TI_zero_init_nomemset:__TI_zero_init_nomemset)
                  00002816    0000001c                                   : memccpy.c.obj (.text:memccpy)
                  00002832    0000001a                                   : s_copysign.c.obj (.text:copysign)
                  0000284c    00000018                                   : sprintf.c.obj (.text:_outs)
                  00002864    00000016                                   : strchr.c.obj (.text:strchr)
                  0000287a    00000014                                   : strlen.c.obj (.text:strlen)
                  0000288e    00000012                                   : wcslen.c.obj (.text:wcslen)
                  000028a0    0000000e                                   : copy_decompress_none.c.obj (.text:decompress:none:__TI_decompress_none)
                  000028ae    0000000e     startup_msp432p4111_ccs.obj (.text)
                  000028bc    0000000a     rtsv7M4_T_le_v4SPD16_eabi.lib : sprintf.c.obj (.text:_outc)
                  000028c6    00000002     --HOLE-- [fill = 0]
                  000028c8    00000008                                   : errno.c.obj (.text:__aeabi_errno_addr)
                  000028d0    00000004                                   : pre_init.c.obj (.text:_system_pre_init)
                  000028d4    00000004                                   : exit.c.obj (.text:abort:abort)

.const     0    000028d8    00000121     
                  000028d8    00000101     rtsv7M4_T_le_v4SPD16_eabi.lib : ctype.c.obj (.const:.string:_ctypes_)
                  000029d9    00000010     keypadscan_subroutines.obj (.const:.string:KeyAssignments)
                  000029e9    00000010     keypadscan_subroutines.obj (.const:.string:KeyPatterns)

.cinit     0    00002a00    00000038     
                  00002a00    0000000d     (.cinit..data.load) [load image, compression = lzss]
                  00002a0d    00000003     --HOLE-- [fill = 0]
                  00002a10    0000000c     (__TI_handler_table)
                  00002a1c    00000004     --HOLE-- [fill = 0]
                  00002a20    00000008     (.cinit..bss.load) [load image, compression = zero_init]
                  00002a28    00000010     (__TI_cinit_table)

.init_array 
*          0    00000000    00000000     UNINITIALIZED

.binit     0    00000000    00000000     

.bss       0    20000000    0000001d     UNINITIALIZED
                  20000000    0000001c     (.common:CharBuffer)
                  2000001c    00000001     (.common:FoundKey)

.data      0    20000020    0000000e     UNINITIALIZED
                  20000020    00000004     main.obj (.data)
                  20000024    00000004     rtsv7M4_T_le_v4SPD16_eabi.lib : errno.c.obj (.data)
                  20000028    00000004     system_msp432p4111.obj (.data)
                  2000002c    00000002     keypadscan_subroutines.obj (.data)

.stack     0    2003fe00    00000200     UNINITIALIZED
                  2003fe00    00000004     rtsv7M4_T_le_v4SPD16_eabi.lib : boot_cortex_m.c.obj (.stack)
                  2003fe04    000001fc     --HOLE--

__llvm_prf_cnts 
*          0    20000000    00000000     UNINITIALIZED

MODULE SUMMARY

       Module                        code    ro data   rw data
       ------                        ----    -------   -------
    .\
       system_msp432p4111.obj        848     0         8      
       keypadscan_subroutines.obj    736     32        6      
       main.obj                      432     0         64     
       uart_routines.obj             304     0         0      
       startup_msp432p4111_ccs.obj   14      232       0      
       hex2dec.obj                   186     0         0      
    +--+-----------------------------+-------+---------+---------+
       Total:                        2520    264       78     
                                                              
    C:\ti\ccs1040\ccs\tools\compiler\ti-cgt-arm_20.2.5.LTS\lib\rtsv7M4_T_le_v4SPD16_eabi.lib
       _printfi.c.obj                4851    0         0      
       fd_add_t2.asm.obj             438     0         0      
       fd_div_t2.asm.obj             310     0         0      
       s_scalbn.c.obj                272     0         0      
       fd_cmp_t2.asm.obj             268     0         0      
       ctype.c.obj                   0       257       0      
       fd_mul_t2.asm.obj             252     0         0      
       memcpy_t2.asm.obj             156     0         0      
       ull_div_t2.asm.obj            150     0         0      
       memset_t2.asm.obj             122     0         0      
       copy_decompress_lzss.c.obj    104     0         0      
       s_frexp.c.obj                 100     0         0      
       sprintf.c.obj                 98      0         0      
       _ltoa.c.obj                   84      0         0      
       atoi.c.obj                    76      0         0      
       fd_toi_t2.asm.obj             72      0         0      
       autoinit.c.obj                68      0         0      
       boot_cortex_m.c.obj           52      0         0      
       i_tofd_t2.asm.obj             46      0         0      
       copy_zero_init.c.obj          28      0         0      
       memccpy.c.obj                 28      0         0      
       s_copysign.c.obj              26      0         0      
       strchr.c.obj                  22      0         0      
       strlen.c.obj                  20      0         0      
       wcslen.c.obj                  18      0         0      
       errno.c.obj                   8       0         8      
       copy_decompress_none.c.obj    14      0         0      
       exit.c.obj                    4       0         0      
       pre_init.c.obj                4       0         0      
       div0.asm.obj                  2       0         0      
    +--+-----------------------------+-------+---------+---------+
       Total:                        7693    257       8      
                                                              
       Stack:                        0       0         1024   
       Linker Generated:             0       49        0      
    +--+-----------------------------+-------+---------+---------+
       Grand Total:                  10213   570       1110   


LINKER GENERATED COPY TABLES

__TI_cinit_table @ 00002a28 records: 2, size/record: 8, table size: 16
	.data: load addr=00002a00, load size=0000000d bytes, run addr=20000020, run size=0000000e bytes, compression=lzss
	.bss: load addr=00002a20, load size=00000008 bytes, run addr=20000000, run size=0000001d bytes, compression=zero_init


LINKER GENERATED HANDLER TABLE

__TI_handler_table @ 00002a10 records: 3, size/record: 4, table size: 12
	index: 0, handler: __TI_decompress_lzss
	index: 1, handler: __TI_decompress_none
	index: 2, handler: __TI_zero_init


GLOBAL SYMBOLS: SORTED ALPHABETICALLY BY Name 

address   name                          
-------   ----                          
000028bb  ADC14_IRQHandler              
000028bb  AES256_IRQHandler             
000028bb  BusFault_Handler              
000028d5  C$$EXIT                       
000028bb  COMP_E0_IRQHandler            
000028bb  COMP_E1_IRQHandler            
000028bb  CS_IRQHandler                 
20000000  CharBuffer                    
00001b85  ConfigureUART                 
000028bb  DMA_ERR_IRQHandler            
000028bb  DMA_INT0_IRQHandler           
000028bb  DMA_INT1_IRQHandler           
000028bb  DMA_INT2_IRQHandler           
000028bb  DMA_INT3_IRQHandler           
000028bb  DebugMon_Handler              
000028bb  Default_Handler               
00001c75  EUSCIA0_IRQHandler            
00001c75  EUSCIA0_IRQHandler            
000028bb  EUSCIA1_IRQHandler            
000028bb  EUSCIA2_IRQHandler            
000028bb  EUSCIA3_IRQHandler            
000028bb  EUSCIB0_IRQHandler            
000028bb  EUSCIB1_IRQHandler            
000028bb  EUSCIB2_IRQHandler            
000028bb  EUSCIB3_IRQHandler            
000028bb  FLCTL_A_IRQHandler            
000028bb  FPU_IRQHandler                
00000f75  FindKey                       
2000001c  FoundKey                      
00001c61  GetChar                       
000028bb  HardFault_Handler             
000029d9  KeyAssignments                
000029e9  KeyPatterns                   
000028bb  LCD_F_IRQHandler              
000028bb  MemManage_Handler             
000028bb  NMI_Handler                   
2000002c  NewKeyPressed                 
000028bb  PCM_IRQHandler                
000028bb  PORT1_IRQHandler              
000028bb  PORT2_IRQHandler              
000028bb  PORT3_IRQHandler              
000010a5  PORT4_IRQHandler              
000010a5  PORT4_IRQHandler              
000028bb  PORT5_IRQHandler              
000010f7  PORT6_IRQHandler              
000010f7  PORT6_IRQHandler              
000028bb  PSS_IRQHandler                
000028bb  PendSV_Handler                
000028bb  RTC_C_IRQHandler              
000028af  Reset_Handler                 
000028bb  SVC_Handler                   
00001bf9  SendAll                       
00001bdd  SendChar                      
00001c31  SendCharArray                 
000028bb  SysTick_Handler               
20000028  SystemCoreClock               
00000b39  SystemCoreClockUpdate         
00000db1  SystemInit                    
000028bb  T32_INT1_IRQHandler           
000028bb  T32_INT2_IRQHandler           
000028bb  T32_INTC_IRQHandler           
000028bb  TA0_0_IRQHandler              
000028bb  TA0_N_IRQHandler              
000028bb  TA1_0_IRQHandler              
000028bb  TA1_N_IRQHandler              
000028bb  TA2_0_IRQHandler              
000028bb  TA2_N_IRQHandler              
000028bb  TA3_0_IRQHandler              
000028bb  TA3_N_IRQHandler              
000028bb  UsageFault_Handler            
4000480c  WDTCTL_SYM                    
000028bb  WDT_A_IRQHandler              
20040000  __STACK_END                   
00000200  __STACK_SIZE                  
00002a28  __TI_CINIT_Base               
00002a38  __TI_CINIT_Limit              
00002a10  __TI_Handler_Table_Base       
00002a1c  __TI_Handler_Table_Limit      
000026d5  __TI_auto_init_nobinit_nopinit
00002479  __TI_decompress_lzss          
000028a1  __TI_decompress_none          
0000259b  __TI_ltoa                     
ffffffff  __TI_pprof_out_hndl           
000000e9  __TI_printfi                  
ffffffff  __TI_prof_data_size           
ffffffff  __TI_prof_data_start          
00000000  __TI_static_base__            
000027fb  __TI_zero_init_nomemset       
00002285  __aeabi_cdcmpeq               
00002285  __aeabi_cdcmple               
0000230b  __aeabi_cdrcmple              
0000268d  __aeabi_d2iz                  
000015b3  __aeabi_dadd                  
00001a4d  __aeabi_ddiv                  
00001ee9  __aeabi_dmul                  
000015a9  __aeabi_dsub                  
000028c9  __aeabi_errno_addr            
000027cd  __aeabi_i2d                   
00000b37  __aeabi_idiv0                 
00000b37  __aeabi_ldiv0                 
00002391  __aeabi_memclr                
00002391  __aeabi_memclr4               
00002391  __aeabi_memclr8               
00002153  __aeabi_memcpy                
00002153  __aeabi_memcpy4               
00002153  __aeabi_memcpy8               
00002393  __aeabi_memset                
00002393  __aeabi_memset4               
00002393  __aeabi_memset8               
000021ef  __aeabi_uldivmod              
ffffffff  __binit__                     
ffffffff  __c_args__                    
UNDEFED   __mpu_init                    
2003fe00  __stack                       
20000000  __start___llvm_prf_cnts       
20000000  __stop___llvm_prf_cnts        
00002799  _c_int00_noargs               
000028d8  _ctypes_                      
UNDEFED   _system_post_cinit            
000028d1  _system_pre_init              
000028d5  abort                         
00002641  atoi                          
ffffffff  binit                         
00000f03  buttonConfig                  
2000002d  buttonPress                   
0000185d  convertHex                    
00002833  copysign                      
00002833  copysignl                     
00000f4b  debounce                      
0000206d  dectoBinary                   
20000024  errno                         
000024e1  frexp                         
000024e1  frexpl                        
00001fe5  hextoDec                      
00000000  interruptVectors              
00000e89  keypadconfiguration           
00001dd9  ldexp                         
00001dd9  ldexpl                        
00001761  main                          
20000020  maxSize                       
00002817  memccpy                       
00002153  memcpy                        
00002399  memset                        
0000182b  printOutBuffer                
00001087  reassignKeys                  
00001dd9  scalbn                        
00001dd9  scalbnl                       
00002719  sprintf                       
00002865  strchr                        
0000287b  strlen                        
0000288f  wcslen                        


GLOBAL SYMBOLS: SORTED BY Symbol Address 

address   name                          
-------   ----                          
00000000  __TI_static_base__            
00000000  interruptVectors              
000000e9  __TI_printfi                  
00000200  __STACK_SIZE                  
00000b37  __aeabi_idiv0                 
00000b37  __aeabi_ldiv0                 
00000b39  SystemCoreClockUpdate         
00000db1  SystemInit                    
00000e89  keypadconfiguration           
00000f03  buttonConfig                  
00000f4b  debounce                      
00000f75  FindKey                       
00001087  reassignKeys                  
000010a5  PORT4_IRQHandler              
000010a5  PORT4_IRQHandler              
000010f7  PORT6_IRQHandler              
000010f7  PORT6_IRQHandler              
000015a9  __aeabi_dsub                  
000015b3  __aeabi_dadd                  
00001761  main                          
0000182b  printOutBuffer                
0000185d  convertHex                    
00001a4d  __aeabi_ddiv                  
00001b85  ConfigureUART                 
00001bdd  SendChar                      
00001bf9  SendAll                       
00001c31  SendCharArray                 
00001c61  GetChar                       
00001c75  EUSCIA0_IRQHandler            
00001c75  EUSCIA0_IRQHandler            
00001dd9  ldexp                         
00001dd9  ldexpl                        
00001dd9  scalbn                        
00001dd9  scalbnl                       
00001ee9  __aeabi_dmul                  
00001fe5  hextoDec                      
0000206d  dectoBinary                   
00002153  __aeabi_memcpy                
00002153  __aeabi_memcpy4               
00002153  __aeabi_memcpy8               
00002153  memcpy                        
000021ef  __aeabi_uldivmod              
00002285  __aeabi_cdcmpeq               
00002285  __aeabi_cdcmple               
0000230b  __aeabi_cdrcmple              
00002391  __aeabi_memclr                
00002391  __aeabi_memclr4               
00002391  __aeabi_memclr8               
00002393  __aeabi_memset                
00002393  __aeabi_memset4               
00002393  __aeabi_memset8               
00002399  memset                        
00002479  __TI_decompress_lzss          
000024e1  frexp                         
000024e1  frexpl                        
0000259b  __TI_ltoa                     
00002641  atoi                          
0000268d  __aeabi_d2iz                  
000026d5  __TI_auto_init_nobinit_nopinit
00002719  sprintf                       
00002799  _c_int00_noargs               
000027cd  __aeabi_i2d                   
000027fb  __TI_zero_init_nomemset       
00002817  memccpy                       
00002833  copysign                      
00002833  copysignl                     
00002865  strchr                        
0000287b  strlen                        
0000288f  wcslen                        
000028a1  __TI_decompress_none          
000028af  Reset_Handler                 
000028bb  ADC14_IRQHandler              
000028bb  AES256_IRQHandler             
000028bb  BusFault_Handler              
000028bb  COMP_E0_IRQHandler            
000028bb  COMP_E1_IRQHandler            
000028bb  CS_IRQHandler                 
000028bb  DMA_ERR_IRQHandler            
000028bb  DMA_INT0_IRQHandler           
000028bb  DMA_INT1_IRQHandler           
000028bb  DMA_INT2_IRQHandler           
000028bb  DMA_INT3_IRQHandler           
000028bb  DebugMon_Handler              
000028bb  Default_Handler               
000028bb  EUSCIA1_IRQHandler            
000028bb  EUSCIA2_IRQHandler            
000028bb  EUSCIA3_IRQHandler            
000028bb  EUSCIB0_IRQHandler            
000028bb  EUSCIB1_IRQHandler            
000028bb  EUSCIB2_IRQHandler            
000028bb  EUSCIB3_IRQHandler            
000028bb  FLCTL_A_IRQHandler            
000028bb  FPU_IRQHandler                
000028bb  HardFault_Handler             
000028bb  LCD_F_IRQHandler              
000028bb  MemManage_Handler             
000028bb  NMI_Handler                   
000028bb  PCM_IRQHandler                
000028bb  PORT1_IRQHandler              
000028bb  PORT2_IRQHandler              
000028bb  PORT3_IRQHandler              
000028bb  PORT5_IRQHandler              
000028bb  PSS_IRQHandler                
000028bb  PendSV_Handler                
000028bb  RTC_C_IRQHandler              
000028bb  SVC_Handler                   
000028bb  SysTick_Handler               
000028bb  T32_INT1_IRQHandler           
000028bb  T32_INT2_IRQHandler           
000028bb  T32_INTC_IRQHandler           
000028bb  TA0_0_IRQHandler              
000028bb  TA0_N_IRQHandler              
000028bb  TA1_0_IRQHandler              
000028bb  TA1_N_IRQHandler              
000028bb  TA2_0_IRQHandler              
000028bb  TA2_N_IRQHandler              
000028bb  TA3_0_IRQHandler              
000028bb  TA3_N_IRQHandler              
000028bb  UsageFault_Handler            
000028bb  WDT_A_IRQHandler              
000028c9  __aeabi_errno_addr            
000028d1  _system_pre_init              
000028d5  C$$EXIT                       
000028d5  abort                         
000028d8  _ctypes_                      
000029d9  KeyAssignments                
000029e9  KeyPatterns                   
00002a10  __TI_Handler_Table_Base       
00002a1c  __TI_Handler_Table_Limit      
00002a28  __TI_CINIT_Base               
00002a38  __TI_CINIT_Limit              
20000000  CharBuffer                    
20000000  __start___llvm_prf_cnts       
20000000  __stop___llvm_prf_cnts        
2000001c  FoundKey                      
20000020  maxSize                       
20000024  errno                         
20000028  SystemCoreClock               
2000002c  NewKeyPressed                 
2000002d  buttonPress                   
2003fe00  __stack                       
20040000  __STACK_END                   
4000480c  WDTCTL_SYM                    
ffffffff  __TI_pprof_out_hndl           
ffffffff  __TI_prof_data_size           
ffffffff  __TI_prof_data_start          
ffffffff  __binit__                     
ffffffff  __c_args__                    
ffffffff  binit                         
UNDEFED   __mpu_init                    
UNDEFED   _system_post_cinit            

[151 symbols]
