******************************************************************************
                  TI ARM Linker PC v20.2.5                     
******************************************************************************
>> Linked Mon Feb 21 00:16:38 2022

OUTPUT FILE NAME:   <ECE230LabAssistantJackHLeeN.out>
ENTRY POINT SYMBOL: "_c_int00_noargs"  address: 000029a5


MEMORY CONFIGURATION

         name            origin    length      used     unused   attr    fill
----------------------  --------  ---------  --------  --------  ----  --------
  MAIN                  00000000   00200000  00002c83  001fd37d  R  X
  INFO                  00200000   00008000  00000000  00008000  R  X
  SRAM_CODE             01000000   00040000  00000245  0003fdbb  RW X
  SRAM_DATA             20000000   00040000  00000245  0003fdbb  RW  


SEGMENT ALLOCATION MAP

run origin  load origin   length   init length attrs members
----------  ----------- ---------- ----------- ----- -------
00000000    00000000    00002c88   00002c88    r-x
  00000000    00000000    000000e8   000000e8    r-- .intvecs
  000000e8    000000e8    00002a30   00002a30    r-x .text
  00002b18    00002b18    0000012b   0000012b    r-- .const
  00002c48    00002c48    00000040   00000040    r-- .cinit
20000000    20000000    00000046   00000000    rw-
  20000000    20000000    00000027   00000000    rw- .bss
  20000028    20000028    0000001e   00000000    rw- .data
2003fe00    2003fe00    00000200   00000000    rw-
  2003fe00    2003fe00    00000200   00000000    rw- .stack


SECTION ALLOCATION MAP

 output                                  attributes/
section   page    origin      length       input sections
--------  ----  ----------  ----------   ----------------
.intvecs   0    00000000    000000e8     
                  00000000    000000e8     startup_msp432p4111_ccs.obj (.intvecs:retain)

.text      0    000000e8    00002a30     
                  000000e8    00000a4e     rtsv7M4_T_le_v4SPD16_eabi.lib : _printfi.c.obj (.text:__TI_printfi)
                  00000b36    00000002                                   : div0.asm.obj (.text)
                  00000b38    00000350     system_msp432p4111.obj (.text)
                  00000e88    00000304     keypadscan_subroutines.obj (.text)
                  0000118c    00000270     rtsv7M4_T_le_v4SPD16_eabi.lib : _printfi.c.obj (.text:_pconv_a)
                  000013fc    00000234     ShiftReg.obj (.text)
                  00001630    000001d0     rtsv7M4_T_le_v4SPD16_eabi.lib : _printfi.c.obj (.text:_pconv_g)
                  00001800    000001b6                                   : fd_add_t2.asm.obj (.text)
                  000019b6    00000002     --HOLE-- [fill = 0]
                  000019b8    0000015c     uart_routines.obj (.text)
                  00001b14    0000013c     rtsv7M4_T_le_v4SPD16_eabi.lib : _printfi.c.obj (.text:_pconv_e)
                  00001c50    00000136                                   : fd_div_t2.asm.obj (.text)
                  00001d86    00000002     --HOLE-- [fill = 0]
                  00001d88    00000124                                   : _printfi.c.obj (.text:fcvt)
                  00001eac    0000011c     main2.obj (.text)
                  00001fc8    00000110     rtsv7M4_T_le_v4SPD16_eabi.lib : s_scalbn.c.obj (.text:scalbn)
                  000020d8    000000fc                                   : fd_mul_t2.asm.obj (.text)
                  000021d4    000000d8     wavegen.obj (.text)
                  000022ac    000000b1     rtsv7M4_T_le_v4SPD16_eabi.lib : _printfi.c.obj (.text:_ltostr)
                  0000235d    00000001     --HOLE-- [fill = 0]
                  0000235e    0000009c                                   : memcpy_t2.asm.obj (.text)
                  000023fa    00000096                                   : ull_div_t2.asm.obj (.text)
                  00002490    00000086                                   : fd_cmp_t2.asm.obj (.text:__aeabi_cdcmple)
                  00002516    00000086                                   : fd_cmp_t2.asm.obj (.text:__aeabi_cdrcmple)
                  0000259c    0000007a                                   : memset_t2.asm.obj (.text)
                  00002616    0000006e                                   : _printfi.c.obj (.text:_mcpy)
                  00002684    00000068                                   : copy_decompress_lzss.c.obj (.text:decompress:lzss:__TI_decompress_lzss)
                  000026ec    00000064                                   : s_frexp.c.obj (.text:frexp)
                  00002750    00000056                                   : _printfi.c.obj (.text:_pconv_f)
                  000027a6    00000054                                   : _ltoa.c.obj (.text:__TI_ltoa)
                  000027fa    00000052                                   : _printfi.c.obj (.text:_ecpy)
                  0000284c    0000004c                                   : atoi.c.obj (.text:atoi)
                  00002898    00000048                                   : fd_toi_t2.asm.obj (.text)
                  000028e0    00000044                                   : autoinit.c.obj (.text:__TI_auto_init_nobinit_nopinit:__TI_auto_init_nobinit_nopinit)
                  00002924    00000040                                   : sprintf.c.obj (.text:sprintf)
                  00002964    0000003e                                   : _printfi.c.obj (.text:_fcpy)
                  000029a2    00000002     --HOLE-- [fill = 0]
                  000029a4    00000034                                   : boot_cortex_m.c.obj (.text:_c_int00_noargs:_c_int00_noargs)
                  000029d8    00000034     gen_routines.obj (.text)
                  00002a0c    0000002e     rtsv7M4_T_le_v4SPD16_eabi.lib : i_tofd_t2.asm.obj (.text)
                  00002a3a    0000001c                                   : copy_zero_init.c.obj (.text:decompress:ZI:__TI_zero_init_nomemset:__TI_zero_init_nomemset)
                  00002a56    0000001c                                   : memccpy.c.obj (.text:memccpy)
                  00002a72    0000001a                                   : s_copysign.c.obj (.text:copysign)
                  00002a8c    00000018                                   : sprintf.c.obj (.text:_outs)
                  00002aa4    00000016                                   : strchr.c.obj (.text:strchr)
                  00002aba    00000014                                   : strlen.c.obj (.text:strlen)
                  00002ace    00000012                                   : wcslen.c.obj (.text:wcslen)
                  00002ae0    0000000e                                   : copy_decompress_none.c.obj (.text:decompress:none:__TI_decompress_none)
                  00002aee    0000000e     startup_msp432p4111_ccs.obj (.text)
                  00002afc    0000000a     rtsv7M4_T_le_v4SPD16_eabi.lib : sprintf.c.obj (.text:_outc)
                  00002b06    00000002     --HOLE-- [fill = 0]
                  00002b08    00000008                                   : errno.c.obj (.text:__aeabi_errno_addr)
                  00002b10    00000004                                   : pre_init.c.obj (.text:_system_pre_init)
                  00002b14    00000004                                   : exit.c.obj (.text:abort:abort)

.const     0    00002b18    0000012b     
                  00002b18    00000101     rtsv7M4_T_le_v4SPD16_eabi.lib : ctype.c.obj (.const:.string:_ctypes_)
                  00002c19    00000010     keypadscan_subroutines.obj (.const:.string:KeyAssignments)
                  00002c29    00000010     keypadscan_subroutines.obj (.const:.string:KeyPatterns)
                  00002c39    00000005     ShiftReg.obj (.const:.string:StrobeOut1)
                  00002c3e    00000005     ShiftReg.obj (.const:.string:StrobeOut2)

.cinit     0    00002c48    00000040     
                  00002c48    00000016     (.cinit..data.load) [load image, compression = lzss]
                  00002c5e    00000002     --HOLE-- [fill = 0]
                  00002c60    0000000c     (__TI_handler_table)
                  00002c6c    00000004     --HOLE-- [fill = 0]
                  00002c70    00000008     (.cinit..bss.load) [load image, compression = zero_init]
                  00002c78    00000010     (__TI_cinit_table)

.init_array 
*          0    00000000    00000000     UNINITIALIZED

.binit     0    00000000    00000000     

.bss       0    20000000    00000027     UNINITIALIZED
                  20000000    00000020     (.common:CharBuffer)
                  20000020    00000001     (.common:FoundKey)
                  20000021    00000001     (.common:StrobeSpot)
                  20000022    00000001     (.common:TimerCount)
                  20000023    00000001     (.common:outbit)
                  20000024    00000001     (.common:outbit2)
                  20000025    00000001     (.common:outbit3)
                  20000026    00000001     (.common:outbit4)

.data      0    20000028    0000001e     UNINITIALIZED
                  20000028    0000000a     ShiftReg.obj (.data)
                  20000032    00000005     ShiftReg.obj (.data:outchars1)
                  20000037    00000005     ShiftReg.obj (.data:outchars2)
                  2000003c    00000004     rtsv7M4_T_le_v4SPD16_eabi.lib : errno.c.obj (.data)
                  20000040    00000004     system_msp432p4111.obj (.data)
                  20000044    00000002     keypadscan_subroutines.obj (.data)

.stack     0    2003fe00    00000200     UNINITIALIZED
                  2003fe00    00000004     rtsv7M4_T_le_v4SPD16_eabi.lib : boot_cortex_m.c.obj (.stack)
                  2003fe04    000001fc     --HOLE--

__llvm_prf_cnts 
*          0    20000000    00000000     UNINITIALIZED

MODULE SUMMARY

       Module                        code    ro data   rw data
       ------                        ----    -------   -------
    .\
       system_msp432p4111.obj        848     0         8      
       keypadscan_subroutines.obj    772     32        6      
       ShiftReg.obj                  564     10        52     
       uart_routines.obj             348     0         0      
       main2.obj                     284     0         0      
       startup_msp432p4111_ccs.obj   14      232       0      
       wavegen.obj                   216     0         0      
       hex2dec.obj                   0       0         64     
       gen_routines.obj              52      0         0      
    +--+-----------------------------+-------+---------+---------+
       Total:                        3098    274       130    
                                                              
    C:\ti\ccs1040\ccs\tools\compiler\ti-cgt-arm_20.2.5.LTS\lib\rtsv7M4_T_le_v4SPD16_eabi.lib
       _printfi.c.obj                4851    0         0      
       fd_add_t2.asm.obj             438     0         0      
       fd_div_t2.asm.obj             310     0         0      
       s_scalbn.c.obj                272     0         0      
       fd_cmp_t2.asm.obj             268     0         0      
       ctype.c.obj                   0       257       0      
       fd_mul_t2.asm.obj             252     0         0      
       memcpy_t2.asm.obj             156     0         0      
       ull_div_t2.asm.obj            150     0         0      
       memset_t2.asm.obj             122     0         0      
       copy_decompress_lzss.c.obj    104     0         0      
       s_frexp.c.obj                 100     0         0      
       sprintf.c.obj                 98      0         0      
       _ltoa.c.obj                   84      0         0      
       atoi.c.obj                    76      0         0      
       fd_toi_t2.asm.obj             72      0         0      
       autoinit.c.obj                68      0         0      
       boot_cortex_m.c.obj           52      0         0      
       i_tofd_t2.asm.obj             46      0         0      
       copy_zero_init.c.obj          28      0         0      
       memccpy.c.obj                 28      0         0      
       s_copysign.c.obj              26      0         0      
       strchr.c.obj                  22      0         0      
       strlen.c.obj                  20      0         0      
       wcslen.c.obj                  18      0         0      
       errno.c.obj                   8       0         8      
       copy_decompress_none.c.obj    14      0         0      
       exit.c.obj                    4       0         0      
       pre_init.c.obj                4       0         0      
       div0.asm.obj                  2       0         0      
    +--+-----------------------------+-------+---------+---------+
       Total:                        7693    257       8      
                                                              
       Stack:                        0       0         1024   
       Linker Generated:             0       58        0      
    +--+-----------------------------+-------+---------+---------+
       Grand Total:                  10791   589       1162   


LINKER GENERATED COPY TABLES

__TI_cinit_table @ 00002c78 records: 2, size/record: 8, table size: 16
	.data: load addr=00002c48, load size=00000016 bytes, run addr=20000028, run size=0000001e bytes, compression=lzss
	.bss: load addr=00002c70, load size=00000008 bytes, run addr=20000000, run size=00000027 bytes, compression=zero_init


LINKER GENERATED HANDLER TABLE

__TI_handler_table @ 00002c60 records: 3, size/record: 4, table size: 12
	index: 0, handler: __TI_decompress_lzss
	index: 1, handler: __TI_decompress_none
	index: 2, handler: __TI_zero_init


GLOBAL SYMBOLS: SORTED ALPHABETICALLY BY Name 

address   name                          
-------   ----                          
00002afb  ADC14_IRQHandler              
00002afb  AES256_IRQHandler             
00002afb  BusFault_Handler              
00002b15  C$$EXIT                       
00002afb  COMP_E0_IRQHandler            
00002afb  COMP_E1_IRQHandler            
00002afb  CS_IRQHandler                 
20000000  CharBuffer                    
000029d9  ConfigureCS                   
000019b9  ConfigureUART                 
00002afb  DMA_ERR_IRQHandler            
00002afb  DMA_INT0_IRQHandler           
00002afb  DMA_INT1_IRQHandler           
00002afb  DMA_INT2_IRQHandler           
00002afb  DMA_INT3_IRQHandler           
00002afb  DebugMon_Handler              
00002afb  Default_Handler               
00001ad5  EUSCIA0_IRQHandler            
00001ad5  EUSCIA0_IRQHandler            
00002afb  EUSCIA1_IRQHandler            
00002afb  EUSCIA2_IRQHandler            
00002afb  EUSCIA3_IRQHandler            
00002afb  EUSCIB0_IRQHandler            
00002afb  EUSCIB1_IRQHandler            
00002afb  EUSCIB2_IRQHandler            
00002afb  EUSCIB3_IRQHandler            
00002afb  FLCTL_A_IRQHandler            
00002afb  FPU_IRQHandler                
00000fbb  FindKey                       
20000020  FoundKey                      
00001a95  GetChar                       
00002afb  HardFault_Handler             
00002c19  KeyAssignments                
00002c29  KeyPatterns                   
00002afb  LCD_F_IRQHandler              
00002afb  MemManage_Handler             
00002afb  NMI_Handler                   
20000044  NewKeyPressed                 
00002afb  PCM_IRQHandler                
00002afb  PORT1_IRQHandler              
00002afb  PORT2_IRQHandler              
00002afb  PORT3_IRQHandler              
000010eb  PORT4_IRQHandler              
000010eb  PORT4_IRQHandler              
00002afb  PORT5_IRQHandler              
00002afb  PORT6_IRQHandler              
00002afb  PSS_IRQHandler                
00002afb  PendSV_Handler                
00002afb  RTC_C_IRQHandler              
00002aef  Reset_Handler                 
00002afb  SVC_Handler                   
00001a2d  SendAll                       
00001a11  SendChar                      
00001a65  SendCharArray                 
20000028  StrobeCount                   
00002c39  StrobeOut1                    
00002c3e  StrobeOut2                    
20000021  StrobeSpot                    
00002afb  SysTick_Handler               
20000040  SystemCoreClock               
00000b39  SystemCoreClockUpdate         
00000db1  SystemInit                    
00002afb  T32_INT1_IRQHandler           
00002afb  T32_INT2_IRQHandler           
00002afb  T32_INTC_IRQHandler           
0000223b  TA0_0_IRQHandler              
0000223b  TA0_0_IRQHandler              
00002afb  TA0_N_IRQHandler              
00002afb  TA1_0_IRQHandler              
00001483  TA1_N_IRQHandler              
00001483  TA1_N_IRQHandler              
00002afb  TA2_0_IRQHandler              
000015d1  TA2_N_IRQHandler              
000015d1  TA2_N_IRQHandler              
00002afb  TA3_0_IRQHandler              
00002afb  TA3_N_IRQHandler              
20000022  TimerCount                    
00002afb  UsageFault_Handler            
4000480c  WDTCTL_SYM                    
00002afb  WDT_A_IRQHandler              
20040000  __STACK_END                   
00000200  __STACK_SIZE                  
00002c78  __TI_CINIT_Base               
00002c88  __TI_CINIT_Limit              
00002c60  __TI_Handler_Table_Base       
00002c6c  __TI_Handler_Table_Limit      
000028e1  __TI_auto_init_nobinit_nopinit
00002685  __TI_decompress_lzss          
00002ae1  __TI_decompress_none          
000027a7  __TI_ltoa                     
ffffffff  __TI_pprof_out_hndl           
000000e9  __TI_printfi                  
ffffffff  __TI_prof_data_size           
ffffffff  __TI_prof_data_start          
00000000  __TI_static_base__            
00002a3b  __TI_zero_init_nomemset       
00002491  __aeabi_cdcmpeq               
00002491  __aeabi_cdcmple               
00002517  __aeabi_cdrcmple              
00002899  __aeabi_d2iz                  
0000180b  __aeabi_dadd                  
00001c51  __aeabi_ddiv                  
000020d9  __aeabi_dmul                  
00001801  __aeabi_dsub                  
00002b09  __aeabi_errno_addr            
00002a0d  __aeabi_i2d                   
00000b37  __aeabi_idiv0                 
00000b37  __aeabi_ldiv0                 
0000259d  __aeabi_memclr                
0000259d  __aeabi_memclr4               
0000259d  __aeabi_memclr8               
0000235f  __aeabi_memcpy                
0000235f  __aeabi_memcpy4               
0000235f  __aeabi_memcpy8               
0000259f  __aeabi_memset                
0000259f  __aeabi_memset4               
0000259f  __aeabi_memset8               
000023fb  __aeabi_uldivmod              
ffffffff  __binit__                     
ffffffff  __c_args__                    
UNDEFED   __mpu_init                    
2003fe00  __stack                       
20000000  __start___llvm_prf_cnts       
20000000  __stop___llvm_prf_cnts        
000029a5  _c_int00_noargs               
00002b18  _ctypes_                      
UNDEFED   _system_post_cinit            
00002b11  _system_pre_init              
00002b15  abort                         
0000284d  atoi                          
ffffffff  binit                         
00000f03  buttonConfig                  
20000045  buttonPress                   
0000221b  changeDutyCycle               
00002a73  copysign                      
00002a73  copysignl                     
00000f91  debounce                      
2000003c  errno                         
000026ed  frexp                         
000026ed  frexpl                        
000013fd  initShiftReg                  
00000000  interruptVectors              
00000e89  keypadconfiguration           
00001fc9  ldexp                         
00001fc9  ldexpl                        
00001ead  main                          
00002a57  memccpy                       
0000235f  memcpy                        
000025a5  memset                        
20000023  outbit                        
20000024  outbit2                       
20000025  outbit3                       
20000026  outbit4                       
20000030  outchar1                      
20000031  outchar2                      
20000032  outchars1                     
20000037  outchars2                     
2000002c  period                        
00001aa9  printOutBuffer                
000010cd  reassignKeys                  
00001fc9  scalbn                        
00001fc9  scalbnl                       
00002925  sprintf                       
00002aa5  strchr                        
00002abb  strlen                        
00002247  toggleWavegen                 
000021d5  wavegenConfig                 
00002acf  wcslen                        
00001435  writechar                     


GLOBAL SYMBOLS: SORTED BY Symbol Address 

address   name                          
-------   ----                          
00000000  __TI_static_base__            
00000000  interruptVectors              
000000e9  __TI_printfi                  
00000200  __STACK_SIZE                  
00000b37  __aeabi_idiv0                 
00000b37  __aeabi_ldiv0                 
00000b39  SystemCoreClockUpdate         
00000db1  SystemInit                    
00000e89  keypadconfiguration           
00000f03  buttonConfig                  
00000f91  debounce                      
00000fbb  FindKey                       
000010cd  reassignKeys                  
000010eb  PORT4_IRQHandler              
000010eb  PORT4_IRQHandler              
000013fd  initShiftReg                  
00001435  writechar                     
00001483  TA1_N_IRQHandler              
00001483  TA1_N_IRQHandler              
000015d1  TA2_N_IRQHandler              
000015d1  TA2_N_IRQHandler              
00001801  __aeabi_dsub                  
0000180b  __aeabi_dadd                  
000019b9  ConfigureUART                 
00001a11  SendChar                      
00001a2d  SendAll                       
00001a65  SendCharArray                 
00001a95  GetChar                       
00001aa9  printOutBuffer                
00001ad5  EUSCIA0_IRQHandler            
00001ad5  EUSCIA0_IRQHandler            
00001c51  __aeabi_ddiv                  
00001ead  main                          
00001fc9  ldexp                         
00001fc9  ldexpl                        
00001fc9  scalbn                        
00001fc9  scalbnl                       
000020d9  __aeabi_dmul                  
000021d5  wavegenConfig                 
0000221b  changeDutyCycle               
0000223b  TA0_0_IRQHandler              
0000223b  TA0_0_IRQHandler              
00002247  toggleWavegen                 
0000235f  __aeabi_memcpy                
0000235f  __aeabi_memcpy4               
0000235f  __aeabi_memcpy8               
0000235f  memcpy                        
000023fb  __aeabi_uldivmod              
00002491  __aeabi_cdcmpeq               
00002491  __aeabi_cdcmple               
00002517  __aeabi_cdrcmple              
0000259d  __aeabi_memclr                
0000259d  __aeabi_memclr4               
0000259d  __aeabi_memclr8               
0000259f  __aeabi_memset                
0000259f  __aeabi_memset4               
0000259f  __aeabi_memset8               
000025a5  memset                        
00002685  __TI_decompress_lzss          
000026ed  frexp                         
000026ed  frexpl                        
000027a7  __TI_ltoa                     
0000284d  atoi                          
00002899  __aeabi_d2iz                  
000028e1  __TI_auto_init_nobinit_nopinit
00002925  sprintf                       
000029a5  _c_int00_noargs               
000029d9  ConfigureCS                   
00002a0d  __aeabi_i2d                   
00002a3b  __TI_zero_init_nomemset       
00002a57  memccpy                       
00002a73  copysign                      
00002a73  copysignl                     
00002aa5  strchr                        
00002abb  strlen                        
00002acf  wcslen                        
00002ae1  __TI_decompress_none          
00002aef  Reset_Handler                 
00002afb  ADC14_IRQHandler              
00002afb  AES256_IRQHandler             
00002afb  BusFault_Handler              
00002afb  COMP_E0_IRQHandler            
00002afb  COMP_E1_IRQHandler            
00002afb  CS_IRQHandler                 
00002afb  DMA_ERR_IRQHandler            
00002afb  DMA_INT0_IRQHandler           
00002afb  DMA_INT1_IRQHandler           
00002afb  DMA_INT2_IRQHandler           
00002afb  DMA_INT3_IRQHandler           
00002afb  DebugMon_Handler              
00002afb  Default_Handler               
00002afb  EUSCIA1_IRQHandler            
00002afb  EUSCIA2_IRQHandler            
00002afb  EUSCIA3_IRQHandler            
00002afb  EUSCIB0_IRQHandler            
00002afb  EUSCIB1_IRQHandler            
00002afb  EUSCIB2_IRQHandler            
00002afb  EUSCIB3_IRQHandler            
00002afb  FLCTL_A_IRQHandler            
00002afb  FPU_IRQHandler                
00002afb  HardFault_Handler             
00002afb  LCD_F_IRQHandler              
00002afb  MemManage_Handler             
00002afb  NMI_Handler                   
00002afb  PCM_IRQHandler                
00002afb  PORT1_IRQHandler              
00002afb  PORT2_IRQHandler              
00002afb  PORT3_IRQHandler              
00002afb  PORT5_IRQHandler              
00002afb  PORT6_IRQHandler              
00002afb  PSS_IRQHandler                
00002afb  PendSV_Handler                
00002afb  RTC_C_IRQHandler              
00002afb  SVC_Handler                   
00002afb  SysTick_Handler               
00002afb  T32_INT1_IRQHandler           
00002afb  T32_INT2_IRQHandler           
00002afb  T32_INTC_IRQHandler           
00002afb  TA0_N_IRQHandler              
00002afb  TA1_0_IRQHandler              
00002afb  TA2_0_IRQHandler              
00002afb  TA3_0_IRQHandler              
00002afb  TA3_N_IRQHandler              
00002afb  UsageFault_Handler            
00002afb  WDT_A_IRQHandler              
00002b09  __aeabi_errno_addr            
00002b11  _system_pre_init              
00002b15  C$$EXIT                       
00002b15  abort                         
00002b18  _ctypes_                      
00002c19  KeyAssignments                
00002c29  KeyPatterns                   
00002c39  StrobeOut1                    
00002c3e  StrobeOut2                    
00002c60  __TI_Handler_Table_Base       
00002c6c  __TI_Handler_Table_Limit      
00002c78  __TI_CINIT_Base               
00002c88  __TI_CINIT_Limit              
20000000  CharBuffer                    
20000000  __start___llvm_prf_cnts       
20000000  __stop___llvm_prf_cnts        
20000020  FoundKey                      
20000021  StrobeSpot                    
20000022  TimerCount                    
20000023  outbit                        
20000024  outbit2                       
20000025  outbit3                       
20000026  outbit4                       
20000028  StrobeCount                   
2000002c  period                        
20000030  outchar1                      
20000031  outchar2                      
20000032  outchars1                     
20000037  outchars2                     
2000003c  errno                         
20000040  SystemCoreClock               
20000044  NewKeyPressed                 
20000045  buttonPress                   
2003fe00  __stack                       
20040000  __STACK_END                   
4000480c  WDTCTL_SYM                    
ffffffff  __TI_pprof_out_hndl           
ffffffff  __TI_prof_data_size           
ffffffff  __TI_prof_data_start          
ffffffff  __binit__                     
ffffffff  __c_args__                    
ffffffff  binit                         
UNDEFED   __mpu_init                    
UNDEFED   _system_post_cinit            

[169 symbols]
